Archive member included to satisfy reference by file (symbol)

d:/altium/atollic/truestudio for stm32 9.3.0/armtools/bin/../lib/gcc/arm-atollic-eabi/6.3.1/../../../../arm-atollic-eabi/lib/armv7e-m/fpu/fpv5-d16\libc_nano.a(lib_a-errno.o)
                              Src\syscalls.o (__errno)
d:/altium/atollic/truestudio for stm32 9.3.0/armtools/bin/../lib/gcc/arm-atollic-eabi/6.3.1/../../../../arm-atollic-eabi/lib/armv7e-m/fpu/fpv5-d16\libc_nano.a(lib_a-impure.o)
                              d:/altium/atollic/truestudio for stm32 9.3.0/armtools/bin/../lib/gcc/arm-atollic-eabi/6.3.1/../../../../arm-atollic-eabi/lib/armv7e-m/fpu/fpv5-d16\libc_nano.a(lib_a-errno.o) (_impure_ptr)
d:/altium/atollic/truestudio for stm32 9.3.0/armtools/bin/../lib/gcc/arm-atollic-eabi/6.3.1/../../../../arm-atollic-eabi/lib/armv7e-m/fpu/fpv5-d16\libc_nano.a(lib_a-init.o)
                              startup\startup_stm32h743xx.o (__libc_init_array)
d:/altium/atollic/truestudio for stm32 9.3.0/armtools/bin/../lib/gcc/arm-atollic-eabi/6.3.1/../../../../arm-atollic-eabi/lib/armv7e-m/fpu/fpv5-d16\libc_nano.a(lib_a-memset.o)
                              Drivers\STM32H7xx_HAL_Driver\Src\stm32h7xx_hal_sd.o (memset)
d:/altium/atollic/truestudio for stm32 9.3.0/armtools/bin/../lib/gcc/arm-atollic-eabi/6.3.1/../../../../arm-atollic-eabi/lib/armv7e-m/fpu/fpv5-d16\libc_nano.a(lib_a-sprintf.o)
                              Src\file_handling.o (sprintf)
d:/altium/atollic/truestudio for stm32 9.3.0/armtools/bin/../lib/gcc/arm-atollic-eabi/6.3.1/../../../../arm-atollic-eabi/lib/armv7e-m/fpu/fpv5-d16\libc_nano.a(lib_a-strcmp.o)
                              Src\file_handling.o (strcmp)
d:/altium/atollic/truestudio for stm32 9.3.0/armtools/bin/../lib/gcc/arm-atollic-eabi/6.3.1/../../../../arm-atollic-eabi/lib/armv7e-m/fpu/fpv5-d16\libc_nano.a(lib_a-strcpy.o)
                              Src\file_handling.o (strcpy)
d:/altium/atollic/truestudio for stm32 9.3.0/armtools/bin/../lib/gcc/arm-atollic-eabi/6.3.1/../../../../arm-atollic-eabi/lib/armv7e-m/fpu/fpv5-d16\libc_nano.a(lib_a-strlen.o)
                              Src\UartRingbuffer.o (strlen)
d:/altium/atollic/truestudio for stm32 9.3.0/armtools/bin/../lib/gcc/arm-atollic-eabi/6.3.1/../../../../arm-atollic-eabi/lib/armv7e-m/fpu/fpv5-d16\libc_nano.a(lib_a-nano-svfprintf.o)
                              d:/altium/atollic/truestudio for stm32 9.3.0/armtools/bin/../lib/gcc/arm-atollic-eabi/6.3.1/../../../../arm-atollic-eabi/lib/armv7e-m/fpu/fpv5-d16\libc_nano.a(lib_a-sprintf.o) (_svfprintf_r)
d:/altium/atollic/truestudio for stm32 9.3.0/armtools/bin/../lib/gcc/arm-atollic-eabi/6.3.1/../../../../arm-atollic-eabi/lib/armv7e-m/fpu/fpv5-d16\libc_nano.a(lib_a-nano-vfprintf_i.o)
                              d:/altium/atollic/truestudio for stm32 9.3.0/armtools/bin/../lib/gcc/arm-atollic-eabi/6.3.1/../../../../arm-atollic-eabi/lib/armv7e-m/fpu/fpv5-d16\libc_nano.a(lib_a-nano-svfprintf.o) (_printf_i)
d:/altium/atollic/truestudio for stm32 9.3.0/armtools/bin/../lib/gcc/arm-atollic-eabi/6.3.1/../../../../arm-atollic-eabi/lib/armv7e-m/fpu/fpv5-d16\libc_nano.a(lib_a-memchr.o)
                              d:/altium/atollic/truestudio for stm32 9.3.0/armtools/bin/../lib/gcc/arm-atollic-eabi/6.3.1/../../../../arm-atollic-eabi/lib/armv7e-m/fpu/fpv5-d16\libc_nano.a(lib_a-nano-svfprintf.o) (memchr)
d:/altium/atollic/truestudio for stm32 9.3.0/armtools/bin/../lib/gcc/arm-atollic-eabi/6.3.1/../../../../arm-atollic-eabi/lib/armv7e-m/fpu/fpv5-d16\libc_nano.a(lib_a-memcpy-stub.o)
                              d:/altium/atollic/truestudio for stm32 9.3.0/armtools/bin/../lib/gcc/arm-atollic-eabi/6.3.1/../../../../arm-atollic-eabi/lib/armv7e-m/fpu/fpv5-d16\libc_nano.a(lib_a-nano-svfprintf.o) (memcpy)
d:/altium/atollic/truestudio for stm32 9.3.0/armtools/bin/../lib/gcc/arm-atollic-eabi/6.3.1/../../../../arm-atollic-eabi/lib/armv7e-m/fpu/fpv5-d16\libc_nano.a(lib_a-memmove.o)
                              d:/altium/atollic/truestudio for stm32 9.3.0/armtools/bin/../lib/gcc/arm-atollic-eabi/6.3.1/../../../../arm-atollic-eabi/lib/armv7e-m/fpu/fpv5-d16\libc_nano.a(lib_a-nano-svfprintf.o) (memmove)
d:/altium/atollic/truestudio for stm32 9.3.0/armtools/bin/../lib/gcc/arm-atollic-eabi/6.3.1/../../../../arm-atollic-eabi/lib/armv7e-m/fpu/fpv5-d16\libc_nano.a(lib_a-nano-freer.o)
                              d:/altium/atollic/truestudio for stm32 9.3.0/armtools/bin/../lib/gcc/arm-atollic-eabi/6.3.1/../../../../arm-atollic-eabi/lib/armv7e-m/fpu/fpv5-d16\libc_nano.a(lib_a-nano-svfprintf.o) (_free_r)
d:/altium/atollic/truestudio for stm32 9.3.0/armtools/bin/../lib/gcc/arm-atollic-eabi/6.3.1/../../../../arm-atollic-eabi/lib/armv7e-m/fpu/fpv5-d16\libc_nano.a(lib_a-nano-mallocr.o)
                              d:/altium/atollic/truestudio for stm32 9.3.0/armtools/bin/../lib/gcc/arm-atollic-eabi/6.3.1/../../../../arm-atollic-eabi/lib/armv7e-m/fpu/fpv5-d16\libc_nano.a(lib_a-nano-svfprintf.o) (_malloc_r)
[...]
Memory Configuration

Name             Origin             Length             Attributes
DTCMRAM          0x20000000         0x00020000         xrw
RAM_D1           0x24000000         0x00080000         xrw
RAM_D2           0x30000000         0x00048000         xrw
RAM_D3           0x38000000         0x00010000         xrw
ITCMRAM          0x00000000         0x00010000         xrw
FLASH            0x08000000         0x00200000         xr
*default*        0x00000000         0xffffffff

Linker script and memory map

LOAD d:/altium/atollic/truestudio for stm32 9.3.0/armtools/bin/../lib/gcc/arm-atollic-eabi/6.3.1/armv7e-m/fpu/fpv5-d16/crti.o
LOAD d:/altium/atollic/truestudio for stm32 9.3.0/armtools/bin/../lib/gcc/arm-atollic-eabi/6.3.1/armv7e-m/fpu/fpv5-d16/crtbegin.o
LOAD Drivers\STM32H7xx_HAL_Driver\Src\stm32h7xx_hal.o
LOAD Drivers\STM32H7xx_HAL_Driver\Src\stm32h7xx_hal_cortex.o
LOAD Drivers\STM32H7xx_HAL_Driver\Src\stm32h7xx_hal_dma.o
LOAD Drivers\STM32H7xx_HAL_Driver\Src\stm32h7xx_hal_dma_ex.o
LOAD Drivers\STM32H7xx_HAL_Driver\Src\stm32h7xx_hal_eth.o
LOAD Drivers\STM32H7xx_HAL_Driver\Src\stm32h7xx_hal_eth_ex.o
LOAD Drivers\STM32H7xx_HAL_Driver\Src\stm32h7xx_hal_exti.o
LOAD Drivers\STM32H7xx_HAL_Driver\Src\stm32h7xx_hal_flash.o
LOAD Drivers\STM32H7xx_HAL_Driver\Src\stm32h7xx_hal_flash_ex.o
LOAD Drivers\STM32H7xx_HAL_Driver\Src\stm32h7xx_hal_gpio.o
LOAD Drivers\STM32H7xx_HAL_Driver\Src\stm32h7xx_hal_hsem.o
LOAD Drivers\STM32H7xx_HAL_Driver\Src\stm32h7xx_hal_i2c.o
LOAD Drivers\STM32H7xx_HAL_Driver\Src\stm32h7xx_hal_i2c_ex.o
LOAD Drivers\STM32H7xx_HAL_Driver\Src\stm32h7xx_hal_mdma.o
LOAD Drivers\STM32H7xx_HAL_Driver\Src\stm32h7xx_hal_pcd.o
LOAD Drivers\STM32H7xx_HAL_Driver\Src\stm32h7xx_hal_pcd_ex.o
LOAD Drivers\STM32H7xx_HAL_Driver\Src\stm32h7xx_hal_pwr.o
LOAD Drivers\STM32H7xx_HAL_Driver\Src\stm32h7xx_hal_pwr_ex.o
LOAD Drivers\STM32H7xx_HAL_Driver\Src\stm32h7xx_hal_rcc.o
LOAD Drivers\STM32H7xx_HAL_Driver\Src\stm32h7xx_hal_rcc_ex.o
LOAD Drivers\STM32H7xx_HAL_Driver\Src\stm32h7xx_hal_sd.o
LOAD Drivers\STM32H7xx_HAL_Driver\Src\stm32h7xx_hal_sd_ex.o
LOAD Drivers\STM32H7xx_HAL_Driver\Src\stm32h7xx_hal_tim.o
LOAD Drivers\STM32H7xx_HAL_Driver\Src\stm32h7xx_hal_tim_ex.o
LOAD Drivers\STM32H7xx_HAL_Driver\Src\stm32h7xx_hal_uart.o
LOAD Drivers\STM32H7xx_HAL_Driver\Src\stm32h7xx_hal_uart_ex.o
LOAD Drivers\STM32H7xx_HAL_Driver\Src\stm32h7xx_ll_delayblock.o
LOAD Drivers\STM32H7xx_HAL_Driver\Src\stm32h7xx_ll_sdmmc.o
LOAD Drivers\STM32H7xx_HAL_Driver\Src\stm32h7xx_ll_usb.o
LOAD Middlewares\Third_Party\FatFs\src\diskio.o
LOAD Middlewares\Third_Party\FatFs\src\ff.o
LOAD Middlewares\Third_Party\FatFs\src\ff_gen_drv.o
LOAD Middlewares\Third_Party\FatFs\src\option\syscall.o
LOAD Src\UartRingbuffer.o
LOAD Src\bsp_driver_sd.o
LOAD Src\fatfs.o
LOAD Src\fatfs_platform.o
LOAD Src\file_handling.o
LOAD Src\main.o
LOAD Src\sd_diskio.o
LOAD Src\stm32h7xx_hal_msp.o
LOAD Src\stm32h7xx_it.o
LOAD Src\syscalls.o
LOAD Src\system_stm32h7xx.o
LOAD startup\startup_stm32h743xx.o
                0x00000080                malloc_getpagesize_P = 0x80
START GROUP
LOAD d:/altium/atollic/truestudio for stm32 9.3.0/armtools/bin/../lib/gcc/arm-atollic-eabi/6.3.1/../../../../arm-atollic-eabi/lib/armv7e-m/fpu/fpv5-d16\libc_nano.a
LOAD d:/altium/atollic/truestudio for stm32 9.3.0/armtools/bin/../lib/gcc/arm-atollic-eabi/6.3.1/../../../../arm-atollic-eabi/lib/armv7e-m/fpu/fpv5-d16\libm.a
END GROUP
START GROUP
LOAD d:/altium/atollic/truestudio for stm32 9.3.0/armtools/bin/../lib/gcc/arm-atollic-eabi/6.3.1/armv7e-m/fpu/fpv5-d16\libgcc.a
LOAD d:/altium/atollic/truestudio for stm32 9.3.0/armtools/bin/../lib/gcc/arm-atollic-eabi/6.3.1/../../../../arm-atollic-eabi/lib/armv7e-m/fpu/fpv5-d16\libc_nano.a
END GROUP
START GROUP
LOAD d:/altium/atollic/truestudio for stm32 9.3.0/armtools/bin/../lib/gcc/arm-atollic-eabi/6.3.1/armv7e-m/fpu/fpv5-d16\libgcc.a
LOAD d:/altium/atollic/truestudio for stm32 9.3.0/armtools/bin/../lib/gcc/arm-atollic-eabi/6.3.1/../../../../arm-atollic-eabi/lib/armv7e-m/fpu/fpv5-d16\libc_nano.a
LOAD d:/altium/atollic/truestudio for stm32 9.3.0/armtools/bin/../lib/gcc/arm-atollic-eabi/6.3.1/../../../../arm-atollic-eabi/lib/armv7e-m/fpu/fpv5-d16\libnosys.a
END GROUP
START GROUP
LOAD d:/altium/atollic/truestudio for stm32 9.3.0/armtools/bin/../lib/gcc/arm-atollic-eabi/6.3.1/armv7e-m/fpu/fpv5-d16\libgcc.a
LOAD d:/altium/atollic/truestudio for stm32 9.3.0/armtools/bin/../lib/gcc/arm-atollic-eabi/6.3.1/../../../../arm-atollic-eabi/lib/armv7e-m/fpu/fpv5-d16\libc_nano.a
LOAD d:/altium/atollic/truestudio for stm32 9.3.0/armtools/bin/../lib/gcc/arm-atollic-eabi/6.3.1/../../../../arm-atollic-eabi/lib/armv7e-m/fpu/fpv5-d16\libnosys.a
END GROUP
LOAD d:/altium/atollic/truestudio for stm32 9.3.0/armtools/bin/../lib/gcc/arm-atollic-eabi/6.3.1/armv7e-m/fpu/fpv5-d16/crtend.o
LOAD d:/altium/atollic/truestudio for stm32 9.3.0/armtools/bin/../lib/gcc/arm-atollic-eabi/6.3.1/armv7e-m/fpu/fpv5-d16/crtn.o
                0x20020000                _estack = 0x20020000
                0x00000200                _Min_Heap_Size = 0x200
                0x00000400                _Min_Stack_Size = 0x400

.isr_vector     0x08000000      0x298
                0x08000000                . = ALIGN (0x4)
 *(.isr_vector)
 .isr_vector    0x08000000      0x298 startup\startup_stm32h743xx.o
                0x08000000                g_pfnVectors
                0x08000298                . = ALIGN (0x4)

.text           0x08000298     0x6ec0
                0x08000298                . = ALIGN (0x4)
 *(.text)
 .text          0x08000298       0x40 d:/altium/atollic/truestudio for stm32 9.3.0/armtools/bin/../lib/gcc/arm-atollic-eabi/6.3.1/armv7e-m/fpu/fpv5-d16/crtbegin.o
 .text          0x080002d8       0x10 d:/altium/atollic/truestudio for stm32 9.3.0/armtools/bin/../lib/gcc/arm-atollic-eabi/6.3.1/../../../../arm-atollic-eabi/lib/armv7e-m/fpu/fpv5-d16\libc_nano.a(lib_a-strlen.o)
                0x080002d8                strlen
 .text          0x080002e8       0x30 d:/altium/atollic/truestudio for stm32 9.3.0/armtools/bin/../lib/gcc/arm-atollic-eabi/6.3.1/armv7e-m/fpu/fpv5-d16\libgcc.a(_aeabi_uldivmod.o)
                0x080002e8                __aeabi_uldivmod
 .text          0x08000318      0x2dc d:/altium/atollic/truestudio for stm32 9.3.0/armtools/bin/../lib/gcc/arm-atollic-eabi/6.3.1/armv7e-m/fpu/fpv5-d16\libgcc.a(_udivmoddi4.o)
                0x08000318                __udivmoddi4
 .text          0x080005f4        0x4 d:/altium/atollic/truestudio for stm32 9.3.0/armtools/bin/../lib/gcc/arm-atollic-eabi/6.3.1/armv7e-m/fpu/fpv5-d16\libgcc.a(_dvmd_tls.o)
                0x080005f4                __aeabi_idiv0
                0x080005f4                __aeabi_ldiv0
 *(.text*)
 .text.HAL_InitTick
                0x080005f8       0x4c Drivers\STM32H7xx_HAL_Driver\Src\stm32h7xx_hal.o
                0x080005f8                HAL_InitTick
 .text.HAL_Init
                0x08000644       0x5c Drivers\STM32H7xx_HAL_Driver\Src\stm32h7xx_hal.o
                0x08000644                HAL_Init
 .text.HAL_IncTick
                0x080006a0       0x18 Drivers\STM32H7xx_HAL_Driver\Src\stm32h7xx_hal.o
                0x080006a0                HAL_IncTick
 .text.HAL_GetTick
                0x080006b8        0xc Drivers\STM32H7xx_HAL_Driver\Src\stm32h7xx_hal.o
                0x080006b8                HAL_GetTick
 .text.HAL_Delay
                0x080006c4       0x24 Drivers\STM32H7xx_HAL_Driver\Src\stm32h7xx_hal.o
                0x080006c4                HAL_Delay
 .text.HAL_GetREVID
                0x080006e8        0xc Drivers\STM32H7xx_HAL_Driver\Src\stm32h7xx_hal.o
                0x080006e8                HAL_GetREVID
 .text.HAL_SYSCFG_ETHInterfaceSelect
                0x080006f4       0x14 Drivers\STM32H7xx_HAL_Driver\Src\stm32h7xx_hal.o
                0x080006f4                HAL_SYSCFG_ETHInterfaceSelect
 .text.HAL_NVIC_SetPriorityGrouping
                0x08000708       0x24 Drivers\STM32H7xx_HAL_Driver\Src\stm32h7xx_hal_cortex.o
                0x08000708                HAL_NVIC_SetPriorityGrouping
 .text.HAL_NVIC_SetPriority
                0x0800072c       0x70 Drivers\STM32H7xx_HAL_Driver\Src\stm32h7xx_hal_cortex.o
                0x0800072c                HAL_NVIC_SetPriority
 .text.HAL_NVIC_EnableIRQ
                0x0800079c       0x1c Drivers\STM32H7xx_HAL_Driver\Src\stm32h7xx_hal_cortex.o
                0x0800079c                HAL_NVIC_EnableIRQ
 .text.HAL_SYSTICK_Config
                0x080007b8       0x2c Drivers\STM32H7xx_HAL_Driver\Src\stm32h7xx_hal_cortex.o
                0x080007b8                HAL_SYSTICK_Config
 .text.ETH_SetMACConfig
                0x080007e4      0x1ba Drivers\STM32H7xx_HAL_Driver\Src\stm32h7xx_hal_eth.o
 *fill*         0x0800099e        0x2 
 .text.ETH_SetDMAConfig
                0x080009a0       0x90 Drivers\STM32H7xx_HAL_Driver\Src\stm32h7xx_hal_eth.o
 .text.ETH_MAC_MDIO_ClkConfig
                0x08000a30       0x78 Drivers\STM32H7xx_HAL_Driver\Src\stm32h7xx_hal_eth.o
                0x08000a30                HAL_ETH_SetMDIOClockRange
 .text.HAL_ETH_Init
                0x08000aa8      0x23c Drivers\STM32H7xx_HAL_Driver\Src\stm32h7xx_hal_eth.o
                0x08000aa8                HAL_ETH_Init
 .text.HAL_GPIO_Init
                0x08000ce4      0x1dc Drivers\STM32H7xx_HAL_Driver\Src\stm32h7xx_hal_gpio.o
                0x08000ce4                HAL_GPIO_Init
 .text.HAL_GPIO_ReadPin
                0x08000ec0        0xc Drivers\STM32H7xx_HAL_Driver\Src\stm32h7xx_hal_gpio.o
                0x08000ec0                HAL_GPIO_ReadPin
 .text.HAL_GPIO_WritePin
                0x08000ecc        0xa Drivers\STM32H7xx_HAL_Driver\Src\stm32h7xx_hal_gpio.o
                0x08000ecc                HAL_GPIO_WritePin
 .text.HAL_PCD_Init
                0x08000ed6      0x116 Drivers\STM32H7xx_HAL_Driver\Src\stm32h7xx_hal_pcd.o
                0x08000ed6                HAL_PCD_Init
 .text.HAL_PCDEx_ActivateLPM
                0x08000fec       0x26 Drivers\STM32H7xx_HAL_Driver\Src\stm32h7xx_hal_pcd_ex.o
                0x08000fec                HAL_PCDEx_ActivateLPM
 *fill*         0x08001012        0x2 
 .text.HAL_PWREx_ConfigSupply
                0x08001014       0x48 Drivers\STM32H7xx_HAL_Driver\Src\stm32h7xx_hal_pwr_ex.o
                0x08001014                HAL_PWREx_ConfigSupply
 .text.HAL_PWREx_EnableUSBVoltageDetector
                0x0800105c       0x10 Drivers\STM32H7xx_HAL_Driver\Src\stm32h7xx_hal_pwr_ex.o
                0x0800105c                HAL_PWREx_EnableUSBVoltageDetector
 .text.HAL_RCC_OscConfig
                0x0800106c      0x504 Drivers\STM32H7xx_HAL_Driver\Src\stm32h7xx_hal_rcc.o
                0x0800106c                HAL_RCC_OscConfig
 .text.HAL_RCC_GetSysClockFreq
                0x08001570      0x144 Drivers\STM32H7xx_HAL_Driver\Src\stm32h7xx_hal_rcc.o
                0x08001570                HAL_RCC_GetSysClockFreq
 .text.HAL_RCC_ClockConfig
                0x080016b4      0x250 Drivers\STM32H7xx_HAL_Driver\Src\stm32h7xx_hal_rcc.o
                0x080016b4                HAL_RCC_ClockConfig
 .text.HAL_RCC_GetHCLKFreq
                0x08001904       0x44 Drivers\STM32H7xx_HAL_Driver\Src\stm32h7xx_hal_rcc.o
                0x08001904                HAL_RCC_GetHCLKFreq
 .text.HAL_RCC_GetPCLK1Freq
                0x08001948       0x24 Drivers\STM32H7xx_HAL_Driver\Src\stm32h7xx_hal_rcc.o
                0x08001948                HAL_RCC_GetPCLK1Freq
 .text.HAL_RCC_GetPCLK2Freq
                0x0800196c       0x24 Drivers\STM32H7xx_HAL_Driver\Src\stm32h7xx_hal_rcc.o
                0x0800196c                HAL_RCC_GetPCLK2Freq
 .text.RCCEx_PLL2_Config
                0x08001990       0xf0 Drivers\STM32H7xx_HAL_Driver\Src\stm32h7xx_hal_rcc_ex.o
 .text.RCCEx_PLL3_Config
                0x08001a80       0xf0 Drivers\STM32H7xx_HAL_Driver\Src\stm32h7xx_hal_rcc_ex.o
 .text.HAL_RCCEx_PeriphCLKConfig
                0x08001b70      0x8a8 Drivers\STM32H7xx_HAL_Driver\Src\stm32h7xx_hal_rcc_ex.o
                0x08001b70                HAL_RCCEx_PeriphCLKConfig
 .text.HAL_RCCEx_GetD3PCLK1Freq
                0x08002418       0x24 Drivers\STM32H7xx_HAL_Driver\Src\stm32h7xx_hal_rcc_ex.o
                0x08002418                HAL_RCCEx_GetD3PCLK1Freq
 .text.HAL_RCCEx_GetPLL2ClockFreq
                0x0800243c      0x154 Drivers\STM32H7xx_HAL_Driver\Src\stm32h7xx_hal_rcc_ex.o
                0x0800243c                HAL_RCCEx_GetPLL2ClockFreq
 .text.HAL_RCCEx_GetPLL3ClockFreq
                0x08002590      0x154 Drivers\STM32H7xx_HAL_Driver\Src\stm32h7xx_hal_rcc_ex.o
                0x08002590                HAL_RCCEx_GetPLL3ClockFreq
 .text.HAL_RCCEx_GetPLL1ClockFreq
                0x080026e4      0x154 Drivers\STM32H7xx_HAL_Driver\Src\stm32h7xx_hal_rcc_ex.o
                0x080026e4                HAL_RCCEx_GetPLL1ClockFreq
 .text.HAL_RCCEx_GetPeriphCLKFreq
                0x08002838      0x1c8 Drivers\STM32H7xx_HAL_Driver\Src\stm32h7xx_hal_rcc_ex.o
                0x08002838                HAL_RCCEx_GetPeriphCLKFreq
 .text.SD_FindSCR
                0x08002a00       0xd0 Drivers\STM32H7xx_HAL_Driver\Src\stm32h7xx_hal_sd.o
 .text.HAL_SD_ReadBlocks
                0x08002ad0      0x1b8 Drivers\STM32H7xx_HAL_Driver\Src\stm32h7xx_hal_sd.o
                0x08002ad0                HAL_SD_ReadBlocks
 .text.HAL_SD_WriteBlocks
                0x08002c88      0x1a0 Drivers\STM32H7xx_HAL_Driver\Src\stm32h7xx_hal_sd.o
                0x08002c88                HAL_SD_WriteBlocks
 .text.HAL_SD_ErrorCallback
                0x08002e28        0x2 Drivers\STM32H7xx_HAL_Driver\Src\stm32h7xx_hal_sd.o
                0x08002e28                HAL_SD_ErrorCallback
 .text.HAL_SD_DriveTransceiver_1_8V_Callback
                0x08002e2a        0x2 Drivers\STM32H7xx_HAL_Driver\Src\stm32h7xx_hal_sd.o
                0x08002e2a                HAL_SD_DriveTransceiver_1_8V_Callback
 .text.HAL_SD_GetCardCSD
                0x08002e2c      0x16c Drivers\STM32H7xx_HAL_Driver\Src\stm32h7xx_hal_sd.o
                0x08002e2c                HAL_SD_GetCardCSD
 .text.HAL_SD_InitCard
                0x08002f98      0x298 Drivers\STM32H7xx_HAL_Driver\Src\stm32h7xx_hal_sd.o
                0x08002f98                HAL_SD_InitCard
 .text.HAL_SD_GetCardStatus
                0x08003230      0x180 Drivers\STM32H7xx_HAL_Driver\Src\stm32h7xx_hal_sd.o
                0x08003230                HAL_SD_GetCardStatus
 .text.HAL_SD_GetCardInfo
                0x080033b0       0x24 Drivers\STM32H7xx_HAL_Driver\Src\stm32h7xx_hal_sd.o
                0x080033b0                HAL_SD_GetCardInfo
 .text.HAL_SD_ConfigWideBusOperation
                0x080033d4      0x138 Drivers\STM32H7xx_HAL_Driver\Src\stm32h7xx_hal_sd.o
                0x080033d4                HAL_SD_ConfigWideBusOperation
 .text.HAL_SD_GetCardState
                0x0800350c       0x28 Drivers\STM32H7xx_HAL_Driver\Src\stm32h7xx_hal_sd.o
                0x0800350c                HAL_SD_GetCardState
 .text.HAL_SD_Init
                0x08003534       0xb2 Drivers\STM32H7xx_HAL_Driver\Src\stm32h7xx_hal_sd.o
                0x08003534                HAL_SD_Init
 .text.HAL_SDEx_Read_DMADoubleBuf0CpltCallback
                0x080035e6        0x2 Drivers\STM32H7xx_HAL_Driver\Src\stm32h7xx_hal_sd.o
                0x080035e6                HAL_SDEx_Read_DMADoubleBuf0CpltCallback
 .text.HAL_SDEx_Read_DMADoubleBuf1CpltCallback
                0x080035e8        0x2 Drivers\STM32H7xx_HAL_Driver\Src\stm32h7xx_hal_sd.o
                0x080035e8                HAL_SDEx_Read_DMADoubleBuf1CpltCallback
 .text.HAL_SDEx_Write_DMADoubleBuf0CpltCallback
                0x080035ea        0x2 Drivers\STM32H7xx_HAL_Driver\Src\stm32h7xx_hal_sd.o
                0x080035ea                HAL_SDEx_Write_DMADoubleBuf0CpltCallback
 .text.HAL_SDEx_Write_DMADoubleBuf1CpltCallback
                0x080035ec        0x2 Drivers\STM32H7xx_HAL_Driver\Src\stm32h7xx_hal_sd.o
                0x080035ec                HAL_SDEx_Write_DMADoubleBuf1CpltCallback
 *fill*         0x080035ee        0x2 
 .text.HAL_SD_IRQHandler
                0x080035f0      0x248 Drivers\STM32H7xx_HAL_Driver\Src\stm32h7xx_hal_sd.o
                0x080035f0                HAL_SD_IRQHandler
 .text.UART_SetConfig
                0x08003838     0x1070 Drivers\STM32H7xx_HAL_Driver\Src\stm32h7xx_hal_uart.o
                0x08003838                UART_SetConfig
 .text.UART_AdvFeatureConfig
                0x080048a8       0xaa Drivers\STM32H7xx_HAL_Driver\Src\stm32h7xx_hal_uart.o
                0x080048a8                UART_AdvFeatureConfig
 .text.UART_WaitOnFlagUntilTimeout
                0x08004952       0x90 Drivers\STM32H7xx_HAL_Driver\Src\stm32h7xx_hal_uart.o
                0x08004952                UART_WaitOnFlagUntilTimeout
 .text.HAL_UART_Transmit
                0x080049e2       0xb6 Drivers\STM32H7xx_HAL_Driver\Src\stm32h7xx_hal_uart.o
                0x080049e2                HAL_UART_Transmit
 .text.UART_CheckIdleState
                0x08004a98       0x66 Drivers\STM32H7xx_HAL_Driver\Src\stm32h7xx_hal_uart.o
                0x08004a98                UART_CheckIdleState
 .text.HAL_UART_Init
                0x08004afe       0x60 Drivers\STM32H7xx_HAL_Driver\Src\stm32h7xx_hal_uart.o
                0x08004afe                HAL_UART_Init
 .text.UARTEx_SetNbDataToProcess
                0x08004b5e       0x96 Drivers\STM32H7xx_HAL_Driver\Src\stm32h7xx_hal_uart_ex.o
 .text.HAL_UARTEx_DisableFifoMode
                0x08004bf4       0x36 Drivers\STM32H7xx_HAL_Driver\Src\stm32h7xx_hal_uart_ex.o
                0x08004bf4                HAL_UARTEx_DisableFifoMode
 .text.HAL_UARTEx_SetTxFifoThreshold
                0x08004c2a       0x48 Drivers\STM32H7xx_HAL_Driver\Src\stm32h7xx_hal_uart_ex.o
                0x08004c2a                HAL_UARTEx_SetTxFifoThreshold
 .text.HAL_UARTEx_SetRxFifoThreshold
                0x08004c72       0x48 Drivers\STM32H7xx_HAL_Driver\Src\stm32h7xx_hal_uart_ex.o
                0x08004c72                HAL_UARTEx_SetRxFifoThreshold
 *fill*         0x08004cba        0x2 
 .text.SDMMC_GetCmdResp2
                0x08004cbc       0x54 Drivers\STM32H7xx_HAL_Driver\Src\stm32h7xx_ll_sdmmc.o
 .text.SDMMC_GetCmdResp3
                0x08004d10       0x48 Drivers\STM32H7xx_HAL_Driver\Src\stm32h7xx_ll_sdmmc.o
 .text.SDMMC_GetCmdResp1
                0x08004d58      0x124 Drivers\STM32H7xx_HAL_Driver\Src\stm32h7xx_ll_sdmmc.o
 .text.SDMMC_Init
                0x08004e7c       0x34 Drivers\STM32H7xx_HAL_Driver\Src\stm32h7xx_ll_sdmmc.o
                0x08004e7c                SDMMC_Init
 .text.SDMMC_ReadFIFO
                0x08004eb0        0x6 Drivers\STM32H7xx_HAL_Driver\Src\stm32h7xx_ll_sdmmc.o
                0x08004eb0                SDMMC_ReadFIFO
 .text.SDMMC_WriteFIFO
                0x08004eb6        0xa Drivers\STM32H7xx_HAL_Driver\Src\stm32h7xx_ll_sdmmc.o
                0x08004eb6                SDMMC_WriteFIFO
 .text.SDMMC_PowerState_ON
                0x08004ec0        0xc Drivers\STM32H7xx_HAL_Driver\Src\stm32h7xx_ll_sdmmc.o
                0x08004ec0                SDMMC_PowerState_ON
 .text.SDMMC_GetPowerState
                0x08004ecc        0x8 Drivers\STM32H7xx_HAL_Driver\Src\stm32h7xx_ll_sdmmc.o
                0x08004ecc                SDMMC_GetPowerState
 .text.SDMMC_SendCommand
                0x08004ed4       0x28 Drivers\STM32H7xx_HAL_Driver\Src\stm32h7xx_ll_sdmmc.o
                0x08004ed4                SDMMC_SendCommand
 .text.SDMMC_GetResponse
                0x08004efc        0x6 Drivers\STM32H7xx_HAL_Driver\Src\stm32h7xx_ll_sdmmc.o
                0x08004efc                SDMMC_GetResponse
 .text.SDMMC_ConfigData
                0x08004f02       0x26 Drivers\STM32H7xx_HAL_Driver\Src\stm32h7xx_ll_sdmmc.o
                0x08004f02                SDMMC_ConfigData
 .text.SDMMC_CmdBlockLength
                0x08004f28       0x32 Drivers\STM32H7xx_HAL_Driver\Src\stm32h7xx_ll_sdmmc.o
                0x08004f28                SDMMC_CmdBlockLength
 .text.SDMMC_CmdReadSingleBlock
                0x08004f5a       0x32 Drivers\STM32H7xx_HAL_Driver\Src\stm32h7xx_ll_sdmmc.o
                0x08004f5a                SDMMC_CmdReadSingleBlock
 .text.SDMMC_CmdReadMultiBlock
                0x08004f8c       0x32 Drivers\STM32H7xx_HAL_Driver\Src\stm32h7xx_ll_sdmmc.o
                0x08004f8c                SDMMC_CmdReadMultiBlock
 .text.SDMMC_CmdWriteSingleBlock
                0x08004fbe       0x32 Drivers\STM32H7xx_HAL_Driver\Src\stm32h7xx_ll_sdmmc.o
                0x08004fbe                SDMMC_CmdWriteSingleBlock
 .text.SDMMC_CmdWriteMultiBlock
                0x08004ff0       0x32 Drivers\STM32H7xx_HAL_Driver\Src\stm32h7xx_ll_sdmmc.o
                0x08004ff0                SDMMC_CmdWriteMultiBlock
 *fill*         0x08005022        0x2 
 .text.SDMMC_CmdStopTransfer
                0x08005024       0x54 Drivers\STM32H7xx_HAL_Driver\Src\stm32h7xx_ll_sdmmc.o
                0x08005024                SDMMC_CmdStopTransfer
 .text.SDMMC_CmdSelDesel
                0x08005078       0x32 Drivers\STM32H7xx_HAL_Driver\Src\stm32h7xx_ll_sdmmc.o
                0x08005078                SDMMC_CmdSelDesel
 *fill*         0x080050aa        0x2 
 .text.SDMMC_CmdGoIdleState
                0x080050ac       0x54 Drivers\STM32H7xx_HAL_Driver\Src\stm32h7xx_ll_sdmmc.o
                0x080050ac                SDMMC_CmdGoIdleState
 .text.SDMMC_CmdOperCond
                0x08005100       0x80 Drivers\STM32H7xx_HAL_Driver\Src\stm32h7xx_ll_sdmmc.o
                0x08005100                SDMMC_CmdOperCond
 .text.SDMMC_CmdAppCommand
                0x08005180       0x32 Drivers\STM32H7xx_HAL_Driver\Src\stm32h7xx_ll_sdmmc.o
                0x08005180                SDMMC_CmdAppCommand
 .text.SDMMC_CmdAppOperCommand
                0x080051b2       0x2c Drivers\STM32H7xx_HAL_Driver\Src\stm32h7xx_ll_sdmmc.o
                0x080051b2                SDMMC_CmdAppOperCommand
 .text.SDMMC_CmdSendSCR
                0x080051de       0x32 Drivers\STM32H7xx_HAL_Driver\Src\stm32h7xx_ll_sdmmc.o
                0x080051de                SDMMC_CmdSendSCR
 .text.SDMMC_CmdSendCID
                0x08005210       0x2c Drivers\STM32H7xx_HAL_Driver\Src\stm32h7xx_ll_sdmmc.o
                0x08005210                SDMMC_CmdSendCID
 .text.SDMMC_CmdSendCSD
                0x0800523c       0x2c Drivers\STM32H7xx_HAL_Driver\Src\stm32h7xx_ll_sdmmc.o
                0x0800523c                SDMMC_CmdSendCSD
 .text.SDMMC_CmdSetRelAdd
                0x08005268       0xa8 Drivers\STM32H7xx_HAL_Driver\Src\stm32h7xx_ll_sdmmc.o
                0x08005268                SDMMC_CmdSetRelAdd
 .text.SDMMC_CmdSendStatus
                0x08005310       0x32 Drivers\STM32H7xx_HAL_Driver\Src\stm32h7xx_ll_sdmmc.o
                0x08005310                SDMMC_CmdSendStatus
 .text.SDMMC_CmdStatusRegister
                0x08005342       0x32 Drivers\STM32H7xx_HAL_Driver\Src\stm32h7xx_ll_sdmmc.o
                0x08005342                SDMMC_CmdStatusRegister
 .text.SDMMC_CmdSwitch
                0x08005374       0x32 Drivers\STM32H7xx_HAL_Driver\Src\stm32h7xx_ll_sdmmc.o
                0x08005374                SDMMC_CmdSwitch
 .text.SDMMC_CmdBusWidth
                0x080053a6        0x4 Drivers\STM32H7xx_HAL_Driver\Src\stm32h7xx_ll_sdmmc.o
                0x080053a6                SDMMC_CmdBusWidth
 .text.SDMMC_CmdVoltageSwitch
                0x080053aa       0x32 Drivers\STM32H7xx_HAL_Driver\Src\stm32h7xx_ll_sdmmc.o
                0x080053aa                SDMMC_CmdVoltageSwitch
 .text.USB_CoreReset
                0x080053dc       0x30 Drivers\STM32H7xx_HAL_Driver\Src\stm32h7xx_ll_usb.o
 .text.USB_CoreInit
                0x0800540c       0x82 Drivers\STM32H7xx_HAL_Driver\Src\stm32h7xx_ll_usb.o
                0x0800540c                USB_CoreInit
 .text.USB_DisableGlobalInt
                0x0800548e        0xc Drivers\STM32H7xx_HAL_Driver\Src\stm32h7xx_ll_usb.o
                0x0800548e                USB_DisableGlobalInt
 .text.USB_SetCurrentMode
                0x0800549a       0x2e Drivers\STM32H7xx_HAL_Driver\Src\stm32h7xx_ll_usb.o
                0x0800549a                USB_SetCurrentMode
 .text.USB_FlushTxFifo
                0x080054c8       0x24 Drivers\STM32H7xx_HAL_Driver\Src\stm32h7xx_ll_usb.o
                0x080054c8                USB_FlushTxFifo
 .text.USB_FlushRxFifo
                0x080054ec       0x20 Drivers\STM32H7xx_HAL_Driver\Src\stm32h7xx_ll_usb.o
                0x080054ec                USB_FlushRxFifo
 .text.USB_SetDevSpeed
                0x0800550c        0xe Drivers\STM32H7xx_HAL_Driver\Src\stm32h7xx_ll_usb.o
                0x0800550c                USB_SetDevSpeed
 *fill*         0x0800551a        0x2 
 .text.USB_DevInit
                0x0800551c      0x170 Drivers\STM32H7xx_HAL_Driver\Src\stm32h7xx_ll_usb.o
                0x0800551c                USB_DevInit
 .text.USB_DevDisconnect
                0x0800568c       0x18 Drivers\STM32H7xx_HAL_Driver\Src\stm32h7xx_ll_usb.o
                0x0800568c                USB_DevDisconnect
 .text.disk_status
                0x080056a4       0x14 Middlewares\Third_Party\FatFs\src\diskio.o
                0x080056a4                disk_status
 .text.disk_initialize
                0x080056b8       0x20 Middlewares\Third_Party\FatFs\src\diskio.o
                0x080056b8                disk_initialize
 .text.disk_read
                0x080056d8       0x1c Middlewares\Third_Party\FatFs\src\diskio.o
                0x080056d8                disk_read
 .text.disk_write
                0x080056f4       0x1c Middlewares\Third_Party\FatFs\src\diskio.o
                0x080056f4                disk_write
 .text.ld_dword
                0x08005710       0x10 Middlewares\Third_Party\FatFs\src\ff.o
 .text.st_dword
                0x08005720       0x10 Middlewares\Third_Party\FatFs\src\ff.o
 .text.mem_set  0x08005730        0xc Middlewares\Third_Party\FatFs\src\ff.o
 .text.chk_lock
                0x0800573c       0x5c Middlewares\Third_Party\FatFs\src\ff.o
 .text.inc_lock
                0x08005798       0x74 Middlewares\Third_Party\FatFs\src\ff.o
 .text.clust2sect
                0x0800580c       0x16 Middlewares\Third_Party\FatFs\src\ff.o
 .text.clmt_clust
                0x08005822       0x22 Middlewares\Third_Party\FatFs\src\ff.o
 .text.get_ldnumber
                0x08005844       0x30 Middlewares\Third_Party\FatFs\src\ff.o
 .text.validate
                0x08005874       0x34 Middlewares\Third_Party\FatFs\src\ff.o
 .text.mem_cpy.part.0
                0x080058a8       0x12 Middlewares\Third_Party\FatFs\src\ff.o
 .text.ld_clust.isra.1
                0x080058ba       0x1e Middlewares\Third_Party\FatFs\src\ff.o
 .text.st_clust.isra.2
                0x080058d8       0x18 Middlewares\Third_Party\FatFs\src\ff.o
 .text.sync_window.part.4
                0x080058f0       0x46 Middlewares\Third_Party\FatFs\src\ff.o
 .text.sync_window
                0x08005936        0xc Middlewares\Third_Party\FatFs\src\ff.o
 .text.move_window
                0x08005942       0x36 Middlewares\Third_Party\FatFs\src\ff.o
 .text.check_fs
                0x08005978       0x80 Middlewares\Third_Party\FatFs\src\ff.o
 .text.find_volume
                0x080059f8      0x2b8 Middlewares\Third_Party\FatFs\src\ff.o
 .text.put_fat  0x08005cb0       0xfa Middlewares\Third_Party\FatFs\src\ff.o
 .text.get_fat.isra.8
                0x08005daa       0xb4 Middlewares\Third_Party\FatFs\src\ff.o
 .text.create_chain
                0x08005e5e       0xb0 Middlewares\Third_Party\FatFs\src\ff.o
 .text.remove_chain
                0x08005f0e       0x6c Middlewares\Third_Party\FatFs\src\ff.o
 .text.dir_sdi.constprop.11
                0x08005f7a       0x66 Middlewares\Third_Party\FatFs\src\ff.o
 .text.dir_next
                0x08005fe0       0xf2 Middlewares\Third_Party\FatFs\src\ff.o
 *fill*         0x080060d2        0x2 
 .text.follow_path
                0x080060d4      0x180 Middlewares\Third_Party\FatFs\src\ff.o
 .text.dir_register
                0x08006254       0x62 Middlewares\Third_Party\FatFs\src\ff.o
 *fill*         0x080062b6        0x2 
 .text.f_mount  0x080062b8       0x68 Middlewares\Third_Party\FatFs\src\ff.o
                0x080062b8                f_mount
 .text.f_open   0x08006320      0x224 Middlewares\Third_Party\FatFs\src\ff.o
                0x08006320                f_open
 .text.f_read   0x08006544      0x158 Middlewares\Third_Party\FatFs\src\ff.o
                0x08006544                f_read
 .text.f_gets   0x0800669c       0x4a Middlewares\Third_Party\FatFs\src\ff.o
                0x0800669c                f_gets
 *fill*         0x080066e6        0x2 
 .text.FATFS_LinkDriverEx
                0x080066e8       0x44 Middlewares\Third_Party\FatFs\src\ff_gen_drv.o
                0x080066e8                FATFS_LinkDriverEx
 .text.FATFS_LinkDriver
                0x0800672c        0x6 Middlewares\Third_Party\FatFs\src\ff_gen_drv.o
                0x0800672c                FATFS_LinkDriver
 *fill*         0x08006732        0x2 
 .text.BSP_SD_ReadBlocks
                0x08006734       0x20 Src\bsp_driver_sd.o
                0x08006734                BSP_SD_ReadBlocks
 .text.BSP_SD_WriteBlocks
                0x08006754       0x20 Src\bsp_driver_sd.o
                0x08006754                BSP_SD_WriteBlocks
 .text.BSP_SD_GetCardState
                0x08006774       0x14 Src\bsp_driver_sd.o
                0x08006774                BSP_SD_GetCardState
 .text.BSP_SD_GetCardInfo
                0x08006788        0xc Src\bsp_driver_sd.o
                0x08006788                BSP_SD_GetCardInfo
 .text.BSP_SD_WriteCpltCallback
                0x08006794        0x2 Src\bsp_driver_sd.o
                0x08006794                BSP_SD_WriteCpltCallback
 .text.HAL_SD_TxCpltCallback
                0x08006796        0x8 Src\bsp_driver_sd.o
                0x08006796                HAL_SD_TxCpltCallback
 .text.BSP_SD_ReadCpltCallback
                0x0800679e        0x2 Src\bsp_driver_sd.o
                0x0800679e                BSP_SD_ReadCpltCallback
 .text.HAL_SD_RxCpltCallback
                0x080067a0        0x8 Src\bsp_driver_sd.o
                0x080067a0                HAL_SD_RxCpltCallback
 .text.BSP_SD_IsDetected
                0x080067a8       0x1c Src\bsp_driver_sd.o
                0x080067a8                BSP_SD_IsDetected
 .text.BSP_SD_Init
                0x080067c4       0x2c Src\bsp_driver_sd.o
                0x080067c4                BSP_SD_Init
 .text.MX_FATFS_Init
                0x080067f0       0x1c Src\fatfs.o
                0x080067f0                MX_FATFS_Init
 .text.get_fattime
                0x0800680c        0x4 Src\fatfs.o
                0x0800680c                get_fattime
 .text.BSP_PlatformIsDetected
                0x08006810       0x18 Src\fatfs_platform.o
                0x08006810                BSP_PlatformIsDetected
 .text.send_uart
                0x08006828       0x20 Src\main.o
                0x08006828                send_uart
 .text.file_open
                0x08006848       0xa4 Src\main.o
                0x08006848                file_open
 .text.SystemClock_Config
                0x080068ec       0xd4 Src\main.o
                0x080068ec                SystemClock_Config
 .text.startup.main
                0x080069c0      0x264 Src\main.o
                0x080069c0                main
 .text.SD_CheckStatus.isra.0
                0x08006c24       0x20 Src\sd_diskio.o
 .text.SD_initialize
                0x08006c44       0x1c Src\sd_diskio.o
                0x08006c44                SD_initialize
 .text.SD_status
                0x08006c60        0x4 Src\sd_diskio.o
                0x08006c60                SD_status
 .text.SD_read  0x08006c64       0x20 Src\sd_diskio.o
                0x08006c64                SD_read
 .text.SD_ioctl
                0x08006c84       0x50 Src\sd_diskio.o
                0x08006c84                SD_ioctl
 .text.SD_write
                0x08006cd4       0x20 Src\sd_diskio.o
                0x08006cd4                SD_write
 .text.HAL_MspInit
                0x08006cf4       0x24 Src\stm32h7xx_hal_msp.o
                0x08006cf4                HAL_MspInit
 .text.HAL_ETH_MspInit
                0x08006d18      0x134 Src\stm32h7xx_hal_msp.o
                0x08006d18                HAL_ETH_MspInit
 .text.HAL_SD_MspInit
                0x08006e4c       0xbc Src\stm32h7xx_hal_msp.o
                0x08006e4c                HAL_SD_MspInit
 .text.HAL_UART_MspInit
                0x08006f08       0x70 Src\stm32h7xx_hal_msp.o
                0x08006f08                HAL_UART_MspInit
 .text.HAL_PCD_MspInit
                0x08006f78       0x84 Src\stm32h7xx_hal_msp.o
                0x08006f78                HAL_PCD_MspInit
 .text.NMI_Handler
                0x08006ffc        0x2 Src\stm32h7xx_it.o
                0x08006ffc                NMI_Handler
 .text.HardFault_Handler
                0x08006ffe        0x2 Src\stm32h7xx_it.o
                0x08006ffe                HardFault_Handler
 .text.MemManage_Handler
                0x08007000        0x2 Src\stm32h7xx_it.o
                0x08007000                MemManage_Handler
 .text.BusFault_Handler
                0x08007002        0x2 Src\stm32h7xx_it.o
                0x08007002                BusFault_Handler
 .text.UsageFault_Handler
                0x08007004        0x2 Src\stm32h7xx_it.o
                0x08007004                UsageFault_Handler
 .text.SVC_Handler
                0x08007006        0x2 Src\stm32h7xx_it.o
                0x08007006                SVC_Handler
 .text.DebugMon_Handler
                0x08007008        0x2 Src\stm32h7xx_it.o
                0x08007008                DebugMon_Handler
 .text.PendSV_Handler
                0x0800700a        0x2 Src\stm32h7xx_it.o
                0x0800700a                PendSV_Handler
 .text.SysTick_Handler
                0x0800700c        0x4 Src\stm32h7xx_it.o
                0x0800700c                SysTick_Handler
 .text.SDMMC1_IRQHandler
                0x08007010        0xc Src\stm32h7xx_it.o
                0x08007010                SDMMC1_IRQHandler
 .text.SystemInit
                0x0800701c       0x78 Src\system_stm32h7xx.o
                0x0800701c                SystemInit
 .text.Reset_Handler
                0x08007094       0x50 startup\startup_stm32h743xx.o
                0x08007094                Reset_Handler
 .text.Default_Handler
                0x080070e4        0x2 startup\startup_stm32h743xx.o
                0x080070e4                RTC_Alarm_IRQHandler
                0x080070e4                EXTI2_IRQHandler
                0x080070e4                TIM8_CC_IRQHandler
                0x080070e4                HRTIM1_Master_IRQHandler
                0x080070e4                UART8_IRQHandler
                0x080070e4                SPI4_IRQHandler
                0x080070e4                TIM1_CC_IRQHandler
                0x080070e4                BDMA_Channel6_IRQHandler
                0x080070e4                DMA2_Stream5_IRQHandler
                0x080070e4                HRTIM1_FLT_IRQHandler
                0x080070e4                JPEG_IRQHandler
                0x080070e4                DMA1_Stream5_IRQHandler
                0x080070e4                BDMA_Channel1_IRQHandler
                0x080070e4                HRTIM1_TIMD_IRQHandler
                0x080070e4                TAMP_STAMP_IRQHandler
                0x080070e4                EXTI3_IRQHandler
                0x080070e4                LPTIM4_IRQHandler
                0x080070e4                TIM8_TRG_COM_TIM14_IRQHandler
                0x080070e4                LPTIM2_IRQHandler
                0x080070e4                DFSDM1_FLT1_IRQHandler
                0x080070e4                DMAMUX2_OVR_IRQHandler
                0x080070e4                TIM8_UP_TIM13_IRQHandler
                0x080070e4                I2C3_ER_IRQHandler
                0x080070e4                DFSDM1_FLT2_IRQHandler
                0x080070e4                MDMA_IRQHandler
                0x080070e4                LPTIM3_IRQHandler
                0x080070e4                HSEM1_IRQHandler
                0x080070e4                EXTI0_IRQHandler
                0x080070e4                I2C2_EV_IRQHandler
                0x080070e4                DMA1_Stream2_IRQHandler
                0x080070e4                FPU_IRQHandler
                0x080070e4                OTG_HS_WKUP_IRQHandler
                0x080070e4                FDCAN1_IT1_IRQHandler
                0x080070e4                LTDC_ER_IRQHandler
                0x080070e4                DMA2_Stream2_IRQHandler
                0x080070e4                HRTIM1_TIME_IRQHandler
                0x080070e4                SPI1_IRQHandler
                0x080070e4                TIM6_DAC_IRQHandler
                0x080070e4                DCMI_IRQHandler
                0x080070e4                HRTIM1_TIMC_IRQHandler
                0x080070e4                DMA2_Stream3_IRQHandler
                0x080070e4                SAI2_IRQHandler
                0x080070e4                DFSDM1_FLT3_IRQHandler
                0x080070e4                USART6_IRQHandler
                0x080070e4                TIM17_IRQHandler
                0x080070e4                USART3_IRQHandler
                0x080070e4                BDMA_Channel7_IRQHandler
                0x080070e4                LPTIM5_IRQHandler
                0x080070e4                UART5_IRQHandler
                0x080070e4                ADC3_IRQHandler
                0x080070e4                DMA2_Stream0_IRQHandler
                0x080070e4                TIM4_IRQHandler
                0x080070e4                BDMA_Channel2_IRQHandler
                0x080070e4                QUADSPI_IRQHandler
                0x080070e4                I2C1_EV_IRQHandler
                0x080070e4                DMA1_Stream6_IRQHandler
                0x080070e4                DMAMUX1_OVR_IRQHandler
                0x080070e4                DMA1_Stream1_IRQHandler
                0x080070e4                TIM16_IRQHandler
                0x080070e4                UART4_IRQHandler
                0x080070e4                BDMA_Channel5_IRQHandler
                0x080070e4                TIM3_IRQHandler
                0x080070e4                RCC_IRQHandler
                0x080070e4                TIM8_BRK_TIM12_IRQHandler
                0x080070e4                TIM1_TRG_COM_IRQHandler
                0x080070e4                Default_Handler
                0x080070e4                ECC_IRQHandler
                0x080070e4                CEC_IRQHandler
                0x080070e4                EXTI15_10_IRQHandler
                0x080070e4                BDMA_Channel0_IRQHandler
                0x080070e4                ADC_IRQHandler
                0x080070e4                DMA1_Stream7_IRQHandler
                0x080070e4                HRTIM1_TIMA_IRQHandler
                0x080070e4                SPI5_IRQHandler
                0x080070e4                TIM7_IRQHandler
                0x080070e4                TIM5_IRQHandler
                0x080070e4                DMA2_Stream7_IRQHandler
                0x080070e4                TIM15_IRQHandler
                0x080070e4                PVD_AVD_IRQHandler
                0x080070e4                I2C3_EV_IRQHandler
                0x080070e4                EXTI9_5_IRQHandler
                0x080070e4                RTC_WKUP_IRQHandler
                0x080070e4                LTDC_IRQHandler
                0x080070e4                SAI3_IRQHandler
                0x080070e4                ETH_WKUP_IRQHandler
                0x080070e4                SPDIF_RX_IRQHandler
                0x080070e4                SPI2_IRQHandler
                0x080070e4                OTG_HS_EP1_IN_IRQHandler
                0x080070e4                DMA1_Stream0_IRQHandler
                0x080070e4                CRS_IRQHandler
                0x080070e4                EXTI4_IRQHandler
                0x080070e4                RNG_IRQHandler
                0x080070e4                HRTIM1_TIMB_IRQHandler
                0x080070e4                FDCAN2_IT1_IRQHandler
                0x080070e4                ETH_IRQHandler
                0x080070e4                TIM1_UP_IRQHandler
                0x080070e4                BDMA_Channel4_IRQHandler
                0x080070e4                OTG_HS_EP1_OUT_IRQHandler
                0x080070e4                WWDG_IRQHandler
                0x080070e4                SPI6_IRQHandler
                0x080070e4                MDIOS_IRQHandler
                0x080070e4                I2C4_EV_IRQHandler
                0x080070e4                FDCAN2_IT0_IRQHandler
                0x080070e4                LPUART1_IRQHandler
                0x080070e4                FDCAN1_IT0_IRQHandler
                0x080070e4                TIM2_IRQHandler
                0x080070e4                OTG_FS_WKUP_IRQHandler
                0x080070e4                OTG_HS_IRQHandler
                0x080070e4                DMA2D_IRQHandler
                0x080070e4                TIM1_BRK_IRQHandler
                0x080070e4                EXTI1_IRQHandler
                0x080070e4                SDMMC2_IRQHandler
                0x080070e4                OTG_FS_EP1_OUT_IRQHandler
                0x080070e4                BDMA_Channel3_IRQHandler
                0x080070e4                UART7_IRQHandler
                0x080070e4                MDIOS_WKUP_IRQHandler
                0x080070e4                USART2_IRQHandler
                0x080070e4                DFSDM1_FLT0_IRQHandler
                0x080070e4                SAI4_IRQHandler
                0x080070e4                I2C2_ER_IRQHandler
                0x080070e4                DMA2_Stream1_IRQHandler
                0x080070e4                FLASH_IRQHandler
                0x080070e4                DMA2_Stream4_IRQHandler
                0x080070e4                USART1_IRQHandler
                0x080070e4                OTG_FS_IRQHandler
                0x080070e4                SPI3_IRQHandler
                0x080070e4                WAKEUP_PIN_IRQHandler
                0x080070e4                DMA1_Stream4_IRQHandler
                0x080070e4                OTG_FS_EP1_IN_IRQHandler
                0x080070e4                I2C1_ER_IRQHandler
                0x080070e4                FMC_IRQHandler
                0x080070e4                FDCAN_CAL_IRQHandler
                0x080070e4                SWPMI1_IRQHandler
                0x080070e4                COMP1_IRQHandler
                0x080070e4                LPTIM1_IRQHandler
                0x080070e4                I2C4_ER_IRQHandler
                0x080070e4                DMA2_Stream6_IRQHandler
                0x080070e4                SAI1_IRQHandler
                0x080070e4                DMA1_Stream3_IRQHandler
 *fill*         0x080070e6        0x2 
 .text.__libc_init_array
                0x080070e8       0x48 d:/altium/atollic/truestudio for stm32 9.3.0/armtools/bin/../lib/gcc/arm-atollic-eabi/6.3.1/../../../../arm-atollic-eabi/lib/armv7e-m/fpu/fpv5-d16\libc_nano.a(lib_a-init.o)
                0x080070e8                __libc_init_array
 .text.memset   0x08007130       0x10 d:/altium/atollic/truestudio for stm32 9.3.0/armtools/bin/../lib/gcc/arm-atollic-eabi/6.3.1/../../../../arm-atollic-eabi/lib/armv7e-m/fpu/fpv5-d16\libc_nano.a(lib_a-memset.o)
                0x08007130                memset
 *(.glue_7)
 .glue_7        0x08007140        0x0 linker stubs
 *(.glue_7t)
 .glue_7t       0x08007140        0x0 linker stubs
 *(.eh_frame)
 .eh_frame      0x08007140        0x0 d:/altium/atollic/truestudio for stm32 9.3.0/armtools/bin/../lib/gcc/arm-atollic-eabi/6.3.1/armv7e-m/fpu/fpv5-d16/crtbegin.o
 *(.init)
 .init          0x08007140        0x4 d:/altium/atollic/truestudio for stm32 9.3.0/armtools/bin/../lib/gcc/arm-atollic-eabi/6.3.1/armv7e-m/fpu/fpv5-d16/crti.o
                0x08007140                _init
 .init          0x08007144        0x8 d:/altium/atollic/truestudio for stm32 9.3.0/armtools/bin/../lib/gcc/arm-atollic-eabi/6.3.1/armv7e-m/fpu/fpv5-d16/crtn.o
 *(.fini)
 .fini          0x0800714c        0x4 d:/altium/atollic/truestudio for stm32 9.3.0/armtools/bin/../lib/gcc/arm-atollic-eabi/6.3.1/armv7e-m/fpu/fpv5-d16/crti.o
                0x0800714c                _fini
 .fini          0x08007150        0x8 d:/altium/atollic/truestudio for stm32 9.3.0/armtools/bin/../lib/gcc/arm-atollic-eabi/6.3.1/armv7e-m/fpu/fpv5-d16/crtn.o
                0x08007158                . = ALIGN (0x4)
                0x08007158                _etext = .

.vfp11_veneer   0x08007158        0x0
 .vfp11_veneer  0x08007158        0x0 linker stubs

.v4_bx          0x08007158        0x0
 .v4_bx         0x08007158        0x0 linker stubs

.iplt           0x08007158        0x0
 .iplt          0x08007158        0x0 d:/altium/atollic/truestudio for stm32 9.3.0/armtools/bin/../lib/gcc/arm-atollic-eabi/6.3.1/armv7e-m/fpu/fpv5-d16/crtbegin.o

.rodata         0x08007158      0x174
                0x08007158                . = ALIGN (0x4)
 *(.rodata)
 *(.rodata*)
 .rodata.CSWTCH.426
                0x08007158       0x29 Drivers\STM32H7xx_HAL_Driver\Src\stm32h7xx_hal_uart.o
 .rodata.CSWTCH.428
                0x08007181        0x6 Drivers\STM32H7xx_HAL_Driver\Src\stm32h7xx_hal_uart.o
 .rodata.CSWTCH.429
                0x08007187        0x6 Drivers\STM32H7xx_HAL_Driver\Src\stm32h7xx_hal_uart.o
 .rodata.ExCvt  0x0800718d       0x80 Middlewares\Third_Party\FatFs\src\ff.o
 .rodata.follow_path.str1.1
                0x0800720d        0xf Middlewares\Third_Party\FatFs\src\ff.o
 .rodata.file_open.str1.1
                0x0800721c       0x89 Src\main.o
                                 0x8a (size before relaxing)
 *fill*         0x080072a5        0x3 
 .rodata.SD_Driver
                0x080072a8       0x14 Src\sd_diskio.o
                0x080072a8                SD_Driver
 .rodata.D1CorePrescTable
                0x080072bc       0x10 Src\system_stm32h7xx.o
                0x080072bc                D1CorePrescTable
                0x080072cc                . = ALIGN (0x4)

.ARM.extab
 *(.ARM.extab* .gnu.linkonce.armextab.*)

.ARM            0x080072cc        0x8
                0x080072cc                __exidx_start = .
 *(.ARM.exidx*)
 .ARM.exidx     0x080072cc        0x8 d:/altium/atollic/truestudio for stm32 9.3.0/armtools/bin/../lib/gcc/arm-atollic-eabi/6.3.1/armv7e-m/fpu/fpv5-d16\libgcc.a(_udivmoddi4.o)
                0x080072d4                __exidx_end = .

.rel.dyn        0x080072d4        0x0
 .rel.iplt      0x080072d4        0x0 d:/altium/atollic/truestudio for stm32 9.3.0/armtools/bin/../lib/gcc/arm-atollic-eabi/6.3.1/armv7e-m/fpu/fpv5-d16/crtbegin.o

.preinit_array  0x080072d4        0x0
                0x080072d4                PROVIDE (__preinit_array_start, .)
 *(.preinit_array*)
                0x080072d4                PROVIDE (__preinit_array_end, .)

.init_array     0x080072d4        0x4
                0x080072d4                PROVIDE (__init_array_start, .)
 *(SORT(.init_array.*))
 *(.init_array*)
 .init_array    0x080072d4        0x4 d:/altium/atollic/truestudio for stm32 9.3.0/armtools/bin/../lib/gcc/arm-atollic-eabi/6.3.1/armv7e-m/fpu/fpv5-d16/crtbegin.o
                0x080072d8                PROVIDE (__init_array_end, .)

.fini_array     0x080072d8        0x4
                [!provide]                PROVIDE (__fini_array_start, .)
 *(SORT(.fini_array.*))
 *(.fini_array*)
 .fini_array    0x080072d8        0x4 d:/altium/atollic/truestudio for stm32 9.3.0/armtools/bin/../lib/gcc/arm-atollic-eabi/6.3.1/armv7e-m/fpu/fpv5-d16/crtbegin.o
                [!provide]                PROVIDE (__fini_array_end, .)
                0x080072dc                _sidata = LOADADDR (.data)

.data           0x20000000       0x14 load address 0x080072dc
                0x20000000                . = ALIGN (0x4)
                0x20000000                _sdata = .
 *(.data)
 *(.data*)
 .data.uwTickFreq
                0x20000000        0x1 Drivers\STM32H7xx_HAL_Driver\Src\stm32h7xx_hal.o
                0x20000000                uwTickFreq
 *fill*         0x20000001        0x3 
 .data.uwTickPrio
                0x20000004        0x4 Drivers\STM32H7xx_HAL_Driver\Src\stm32h7xx_hal.o
                0x20000004                uwTickPrio
 .data.Stat     0x20000008        0x1 Src\sd_diskio.o
 *fill*         0x20000009        0x3 
 .data.SystemCoreClock
                0x2000000c        0x4 Src\system_stm32h7xx.o
                0x2000000c                SystemCoreClock
 .data.SystemD2Clock
                0x20000010        0x4 Src\system_stm32h7xx.o
                0x20000010                SystemD2Clock
                0x20000014                . = ALIGN (0x4)
                0x20000014                _edata = .

.igot.plt       0x20000014        0x0 load address 0x080072f0
 .igot.plt      0x20000014        0x0 d:/altium/atollic/truestudio for stm32 9.3.0/armtools/bin/../lib/gcc/arm-atollic-eabi/6.3.1/armv7e-m/fpu/fpv5-d16/crtbegin.o

.RxDecripSection
                0x20000014       0x60 load address 0x080072f0
 .RxDecripSection
                0x20000014       0x60 Src\main.o
                0x20000014                DMARxDscrTab

.TxDecripSection
                0x20000074       0x60 load address 0x08007350
 .TxDecripSection
                0x20000074       0x60 Src\main.o
                0x20000074                DMATxDscrTab
                0x200000d4                . = ALIGN (0x4)

.bss            0x200000d4      0xf3c load address 0x080073b0
                0x200000d4                _sbss = .
                0x200000d4                __bss_start__ = _sbss
 *(.bss)
 .bss           0x200000d4       0x1c d:/altium/atollic/truestudio for stm32 9.3.0/armtools/bin/../lib/gcc/arm-atollic-eabi/6.3.1/armv7e-m/fpu/fpv5-d16/crtbegin.o
 *(.bss*)
 .bss.FatFs     0x200000f0        0x4 Middlewares\Third_Party\FatFs\src\ff.o
 .bss.Files     0x200000f4       0x20 Middlewares\Third_Party\FatFs\src\ff.o
 .bss.Fsid      0x20000114        0x2 Middlewares\Third_Party\FatFs\src\ff.o
 *fill*         0x20000116        0x2 
 .bss.disk      0x20000118        0xc Middlewares\Third_Party\FatFs\src\ff_gen_drv.o
                0x20000118                disk
 *(COMMON)
 COMMON         0x20000124        0x4 Drivers\STM32H7xx_HAL_Driver\Src\stm32h7xx_hal.o
                0x20000124                uwTick
 COMMON         0x20000128      0x468 Src\fatfs.o
                0x20000128                retSD
                0x20000129                SDPath
                0x20000130                SDFile
                0x20000360                SDFatFS
 COMMON         0x20000590      0xa80 Src\main.o
                0x20000590                huart3
                0x2000061c                hpcd_USB_OTG_FS
                0x20000a24                hsd1
                0x20000aa4                line
                0x20000b08                SDFatFs
                0x20000d38                res
                0x20000d3c                FileSDCard
                0x20000f6c                heth
                0x20000fdc                TxConfig
                0x20001010                . = ALIGN (0x4)
                0x20001010                _ebss = .
                0x20001010                __bss_end__ = _ebss

._user_heap_stack
                0x20001010      0x600 load address 0x080073b0
                0x20001010                . = ALIGN (0x4)
                0x20001010                PROVIDE (end, .)
                [!provide]                PROVIDE (_end, .)
                0x20001210                . = (. + _Min_Heap_Size)
 *fill*         0x20001010      0x200 
                0x20001610                . = (. + _Min_Stack_Size)
 *fill*         0x20001210      0x400 
                0x20001610                . = ALIGN (0x4)

/DISCARD/
 libc.a(*)
 libm.a(*)
 libgcc.a(*)

.ARM.attributes
                0x00000000       0x2e
 *(.ARM.attributes)
 .ARM.attributes
                0x00000000       0x20 d:/altium/atollic/truestudio for stm32 9.3.0/armtools/bin/../lib/gcc/arm-atollic-eabi/6.3.1/armv7e-m/fpu/fpv5-d16/crti.o
 .ARM.attributes
                0x00000020       0x32 d:/altium/atollic/truestudio for stm32 9.3.0/armtools/bin/../lib/gcc/arm-atollic-eabi/6.3.1/armv7e-m/fpu/fpv5-d16/crtbegin.o
 .ARM.attributes
                0x00000052       0x37 Drivers\STM32H7xx_HAL_Driver\Src\stm32h7xx_hal.o
 .ARM.attributes
                0x00000089       0x37 Drivers\STM32H7xx_HAL_Driver\Src\stm32h7xx_hal_cortex.o
 .ARM.attributes
                0x000000c0       0x37 Drivers\STM32H7xx_HAL_Driver\Src\stm32h7xx_hal_eth.o
 .ARM.attributes
                0x000000f7       0x37 Drivers\STM32H7xx_HAL_Driver\Src\stm32h7xx_hal_gpio.o
 .ARM.attributes
                0x0000012e       0x37 Drivers\STM32H7xx_HAL_Driver\Src\stm32h7xx_hal_pcd.o
 .ARM.attributes
                0x00000165       0x37 Drivers\STM32H7xx_HAL_Driver\Src\stm32h7xx_hal_pcd_ex.o
 .ARM.attributes
                0x0000019c       0x37 Drivers\STM32H7xx_HAL_Driver\Src\stm32h7xx_hal_pwr_ex.o
 .ARM.attributes
                0x000001d3       0x37 Drivers\STM32H7xx_HAL_Driver\Src\stm32h7xx_hal_rcc.o
 .ARM.attributes
                0x0000020a       0x37 Drivers\STM32H7xx_HAL_Driver\Src\stm32h7xx_hal_rcc_ex.o
 .ARM.attributes
                0x00000241       0x37 Drivers\STM32H7xx_HAL_Driver\Src\stm32h7xx_hal_sd.o
 .ARM.attributes
                0x00000278       0x37 Drivers\STM32H7xx_HAL_Driver\Src\stm32h7xx_hal_uart.o
 .ARM.attributes
                0x000002af       0x37 Drivers\STM32H7xx_HAL_Driver\Src\stm32h7xx_hal_uart_ex.o
 .ARM.attributes
                0x000002e6       0x37 Drivers\STM32H7xx_HAL_Driver\Src\stm32h7xx_ll_sdmmc.o
 .ARM.attributes
                0x0000031d       0x37 Drivers\STM32H7xx_HAL_Driver\Src\stm32h7xx_ll_usb.o
 .ARM.attributes
                0x00000354       0x37 Middlewares\Third_Party\FatFs\src\diskio.o
 .ARM.attributes
                0x0000038b       0x37 Middlewares\Third_Party\FatFs\src\ff.o
 .ARM.attributes
                0x000003c2       0x37 Middlewares\Third_Party\FatFs\src\ff_gen_drv.o
 .ARM.attributes
                0x000003f9       0x37 Src\bsp_driver_sd.o
 .ARM.attributes
                0x00000430       0x37 Src\fatfs.o
 .ARM.attributes
                0x00000467       0x37 Src\fatfs_platform.o
 .ARM.attributes
                0x0000049e       0x37 Src\main.o
 .ARM.attributes
                0x000004d5       0x37 Src\sd_diskio.o
 .ARM.attributes
                0x0000050c       0x37 Src\stm32h7xx_hal_msp.o
 .ARM.attributes
                0x00000543       0x37 Src\stm32h7xx_it.o
 .ARM.attributes
                0x0000057a       0x37 Src\system_stm32h7xx.o
 .ARM.attributes
                0x000005b1       0x21 startup\startup_stm32h743xx.o
 .ARM.attributes
                0x000005d2       0x32 d:/altium/atollic/truestudio for stm32 9.3.0/armtools/bin/../lib/gcc/arm-atollic-eabi/6.3.1/../../../../arm-atollic-eabi/lib/armv7e-m/fpu/fpv5-d16\libc_nano.a(lib_a-init.o)
 .ARM.attributes
                0x00000604       0x32 d:/altium/atollic/truestudio for stm32 9.3.0/armtools/bin/../lib/gcc/arm-atollic-eabi/6.3.1/../../../../arm-atollic-eabi/lib/armv7e-m/fpu/fpv5-d16\libc_nano.a(lib_a-memset.o)
 .ARM.attributes
                0x00000636       0x19 d:/altium/atollic/truestudio for stm32 9.3.0/armtools/bin/../lib/gcc/arm-atollic-eabi/6.3.1/../../../../arm-atollic-eabi/lib/armv7e-m/fpu/fpv5-d16\libc_nano.a(lib_a-strlen.o)
 .ARM.attributes
                0x0000064f       0x20 d:/altium/atollic/truestudio for stm32 9.3.0/armtools/bin/../lib/gcc/arm-atollic-eabi/6.3.1/armv7e-m/fpu/fpv5-d16\libgcc.a(_aeabi_uldivmod.o)
 .ARM.attributes
                0x0000066f       0x32 d:/altium/atollic/truestudio for stm32 9.3.0/armtools/bin/../lib/gcc/arm-atollic-eabi/6.3.1/armv7e-m/fpu/fpv5-d16\libgcc.a(_udivmoddi4.o)
 .ARM.attributes
                0x000006a1       0x20 d:/altium/atollic/truestudio for stm32 9.3.0/armtools/bin/../lib/gcc/arm-atollic-eabi/6.3.1/armv7e-m/fpu/fpv5-d16\libgcc.a(_dvmd_tls.o)
 .ARM.attributes
                0x000006c1       0x20 d:/altium/atollic/truestudio for stm32 9.3.0/armtools/bin/../lib/gcc/arm-atollic-eabi/6.3.1/armv7e-m/fpu/fpv5-d16/crtn.o
OUTPUT(SD_H7_062.elf elf32-littlearm)

.debug_info     0x00000000    0x302e0
 .debug_info    0x00000000     0x1f02 Drivers\STM32H7xx_HAL_Driver\Src\stm32h7xx_hal.o
 .debug_info    0x00001f02     0x1bd0 Drivers\STM32H7xx_HAL_Driver\Src\stm32h7xx_hal_cortex.o
 .debug_info    0x00003ad2     0x315a Drivers\STM32H7xx_HAL_Driver\Src\stm32h7xx_hal_eth.o
 .debug_info    0x00006c2c     0x164f Drivers\STM32H7xx_HAL_Driver\Src\stm32h7xx_hal_gpio.o
 .debug_info    0x0000827b     0x20e6 Drivers\STM32H7xx_HAL_Driver\Src\stm32h7xx_hal_pcd.o
 .debug_info    0x0000a361     0x12da Drivers\STM32H7xx_HAL_Driver\Src\stm32h7xx_hal_pcd_ex.o
 .debug_info    0x0000b63b     0x19e0 Drivers\STM32H7xx_HAL_Driver\Src\stm32h7xx_hal_pwr_ex.o
 .debug_info    0x0000d01b     0x1aa5 Drivers\STM32H7xx_HAL_Driver\Src\stm32h7xx_hal_rcc.o
 .debug_info    0x0000eac0     0x20e4 Drivers\STM32H7xx_HAL_Driver\Src\stm32h7xx_hal_rcc_ex.o
 .debug_info    0x00010ba4     0x2e27 Drivers\STM32H7xx_HAL_Driver\Src\stm32h7xx_hal_sd.o
 .debug_info    0x000139cb     0x2c85 Drivers\STM32H7xx_HAL_Driver\Src\stm32h7xx_hal_uart.o
 .debug_info    0x00016650     0x15a0 Drivers\STM32H7xx_HAL_Driver\Src\stm32h7xx_hal_uart_ex.o
 .debug_info    0x00017bf0     0x226d Drivers\STM32H7xx_HAL_Driver\Src\stm32h7xx_ll_sdmmc.o
 .debug_info    0x00019e5d     0x2543 Drivers\STM32H7xx_HAL_Driver\Src\stm32h7xx_ll_usb.o
 .debug_info    0x0001c3a0      0xe36 Middlewares\Third_Party\FatFs\src\diskio.o
 .debug_info    0x0001d1d6     0x516d Middlewares\Third_Party\FatFs\src\ff.o
 .debug_info    0x00022343      0xe6c Middlewares\Third_Party\FatFs\src\ff_gen_drv.o
 .debug_info    0x000231af     0x12ee Src\bsp_driver_sd.o
 .debug_info    0x0002449d      0xec1 Src\fatfs.o
 .debug_info    0x0002535e      0xbb8 Src\fatfs_platform.o
 .debug_info    0x00025f16     0x3e0c Src\main.o
 .debug_info    0x00029d22     0x1062 Src\sd_diskio.o
 .debug_info    0x0002ad84     0x329a Src\stm32h7xx_hal_msp.o
 .debug_info    0x0002e01e      0xf01 Src\stm32h7xx_it.o
 .debug_info    0x0002ef1f     0x1339 Src\system_stm32h7xx.o
 .debug_info    0x00030258       0x88 startup\startup_stm32h743xx.o

.debug_abbrev   0x00000000     0x4e39
 .debug_abbrev  0x00000000      0x34f Drivers\STM32H7xx_HAL_Driver\Src\stm32h7xx_hal.o
 .debug_abbrev  0x0000034f      0x3cb Drivers\STM32H7xx_HAL_Driver\Src\stm32h7xx_hal_cortex.o
 .debug_abbrev  0x0000071a      0x382 Drivers\STM32H7xx_HAL_Driver\Src\stm32h7xx_hal_eth.o
 .debug_abbrev  0x00000a9c      0x2d1 Drivers\STM32H7xx_HAL_Driver\Src\stm32h7xx_hal_gpio.o
 .debug_abbrev  0x00000d6d      0x3eb Drivers\STM32H7xx_HAL_Driver\Src\stm32h7xx_hal_pcd.o
 .debug_abbrev  0x00001158      0x30f Drivers\STM32H7xx_HAL_Driver\Src\stm32h7xx_hal_pcd_ex.o
 .debug_abbrev  0x00001467      0x34d Drivers\STM32H7xx_HAL_Driver\Src\stm32h7xx_hal_pwr_ex.o
 .debug_abbrev  0x000017b4      0x32e Drivers\STM32H7xx_HAL_Driver\Src\stm32h7xx_hal_rcc.o
 .debug_abbrev  0x00001ae2      0x36f Drivers\STM32H7xx_HAL_Driver\Src\stm32h7xx_hal_rcc_ex.o
 .debug_abbrev  0x00001e51      0x3d5 Drivers\STM32H7xx_HAL_Driver\Src\stm32h7xx_hal_sd.o
 .debug_abbrev  0x00002226      0x3dd Drivers\STM32H7xx_HAL_Driver\Src\stm32h7xx_hal_uart.o
 .debug_abbrev  0x00002603      0x326 Drivers\STM32H7xx_HAL_Driver\Src\stm32h7xx_hal_uart_ex.o
 .debug_abbrev  0x00002929      0x363 Drivers\STM32H7xx_HAL_Driver\Src\stm32h7xx_ll_sdmmc.o
 .debug_abbrev  0x00002c8c      0x3c7 Drivers\STM32H7xx_HAL_Driver\Src\stm32h7xx_ll_usb.o
 .debug_abbrev  0x00003053      0x257 Middlewares\Third_Party\FatFs\src\diskio.o
 .debug_abbrev  0x000032aa      0x416 Middlewares\Third_Party\FatFs\src\ff.o
 .debug_abbrev  0x000036c0      0x2bf Middlewares\Third_Party\FatFs\src\ff_gen_drv.o
 .debug_abbrev  0x0000397f      0x2d8 Src\bsp_driver_sd.o
 .debug_abbrev  0x00003c57      0x21e Src\fatfs.o
 .debug_abbrev  0x00003e75      0x1f2 Src\fatfs_platform.o
 .debug_abbrev  0x00004067      0x3c1 Src\main.o
 .debug_abbrev  0x00004428      0x2f7 Src\sd_diskio.o
 .debug_abbrev  0x0000471f      0x2c1 Src\stm32h7xx_hal_msp.o
 .debug_abbrev  0x000049e0      0x22f Src\stm32h7xx_it.o
 .debug_abbrev  0x00004c0f      0x218 Src\system_stm32h7xx.o
 .debug_abbrev  0x00004e27       0x12 startup\startup_stm32h743xx.o

.debug_loc      0x00000000    0x117f5
 .debug_loc     0x00000000      0x42d Drivers\STM32H7xx_HAL_Driver\Src\stm32h7xx_hal.o
 .debug_loc     0x0000042d      0x56a Drivers\STM32H7xx_HAL_Driver\Src\stm32h7xx_hal_cortex.o
 .debug_loc     0x00000997     0x1cc2 Drivers\STM32H7xx_HAL_Driver\Src\stm32h7xx_hal_eth.o
 .debug_loc     0x00002659      0x2c1 Drivers\STM32H7xx_HAL_Driver\Src\stm32h7xx_hal_gpio.o
 .debug_loc     0x0000291a      0xc04 Drivers\STM32H7xx_HAL_Driver\Src\stm32h7xx_hal_pcd.o
 .debug_loc     0x0000351e      0x223 Drivers\STM32H7xx_HAL_Driver\Src\stm32h7xx_hal_pcd_ex.o
 .debug_loc     0x00003741      0x3a8 Drivers\STM32H7xx_HAL_Driver\Src\stm32h7xx_hal_pwr_ex.o
 .debug_loc     0x00003ae9      0x612 Drivers\STM32H7xx_HAL_Driver\Src\stm32h7xx_hal_rcc.o
 .debug_loc     0x000040fb      0xe8f Drivers\STM32H7xx_HAL_Driver\Src\stm32h7xx_hal_rcc_ex.o
 .debug_loc     0x00004f8a     0x1bf5 Drivers\STM32H7xx_HAL_Driver\Src\stm32h7xx_hal_sd.o
 .debug_loc     0x00006b7f     0x1fde Drivers\STM32H7xx_HAL_Driver\Src\stm32h7xx_hal_uart.o
 .debug_loc     0x00008b5d      0x47a Drivers\STM32H7xx_HAL_Driver\Src\stm32h7xx_hal_uart_ex.o
 .debug_loc     0x00008fd7      0xd38 Drivers\STM32H7xx_HAL_Driver\Src\stm32h7xx_ll_sdmmc.o
 .debug_loc     0x00009d0f     0x1b59 Drivers\STM32H7xx_HAL_Driver\Src\stm32h7xx_ll_usb.o
 .debug_loc     0x0000b868      0x1c6 Middlewares\Third_Party\FatFs\src\diskio.o
 .debug_loc     0x0000ba2e     0x5092 Middlewares\Third_Party\FatFs\src\ff.o
 .debug_loc     0x00010ac0      0x216 Middlewares\Third_Party\FatFs\src\ff_gen_drv.o
 .debug_loc     0x00010cd6      0x435 Src\bsp_driver_sd.o
 .debug_loc     0x0001110b       0x25 Src\fatfs_platform.o
 .debug_loc     0x00011130       0x55 Src\main.o
 .debug_loc     0x00011185      0x3a5 Src\sd_diskio.o
 .debug_loc     0x0001152a      0x160 Src\stm32h7xx_hal_msp.o
 .debug_loc     0x0001168a      0x16b Src\system_stm32h7xx.o

.debug_aranges  0x00000000     0x1280
 .debug_aranges
                0x00000000      0x1b0 Drivers\STM32H7xx_HAL_Driver\Src\stm32h7xx_hal.o
 .debug_aranges
                0x000001b0       0xb0 Drivers\STM32H7xx_HAL_Driver\Src\stm32h7xx_hal_cortex.o
 .debug_aranges
                0x00000260      0x150 Drivers\STM32H7xx_HAL_Driver\Src\stm32h7xx_hal_eth.o
 .debug_aranges
                0x000003b0       0x58 Drivers\STM32H7xx_HAL_Driver\Src\stm32h7xx_hal_gpio.o
 .debug_aranges
                0x00000408       0xc0 Drivers\STM32H7xx_HAL_Driver\Src\stm32h7xx_hal_pcd.o
 .debug_aranges
                0x000004c8       0x58 Drivers\STM32H7xx_HAL_Driver\Src\stm32h7xx_hal_pcd_ex.o
 .debug_aranges
                0x00000520      0x128 Drivers\STM32H7xx_HAL_Driver\Src\stm32h7xx_hal_pwr_ex.o
 .debug_aranges
                0x00000648       0x88 Drivers\STM32H7xx_HAL_Driver\Src\stm32h7xx_hal_rcc.o
 .debug_aranges
                0x000006d0       0xe0 Drivers\STM32H7xx_HAL_Driver\Src\stm32h7xx_hal_rcc_ex.o
 .debug_aranges
                0x000007b0       0xf0 Drivers\STM32H7xx_HAL_Driver\Src\stm32h7xx_hal_sd.o
 .debug_aranges
                0x000008a0      0x1d8 Drivers\STM32H7xx_HAL_Driver\Src\stm32h7xx_hal_uart.o
 .debug_aranges
                0x00000a78       0x70 Drivers\STM32H7xx_HAL_Driver\Src\stm32h7xx_hal_uart_ex.o
 .debug_aranges
                0x00000ae8      0x168 Drivers\STM32H7xx_HAL_Driver\Src\stm32h7xx_ll_sdmmc.o
 .debug_aranges
                0x00000c50      0x198 Drivers\STM32H7xx_HAL_Driver\Src\stm32h7xx_ll_usb.o
 .debug_aranges
                0x00000de8       0x48 Middlewares\Third_Party\FatFs\src\diskio.o
 .debug_aranges
                0x00000e30      0x1b8 Middlewares\Third_Party\FatFs\src\ff.o
 .debug_aranges
                0x00000fe8       0x40 Middlewares\Third_Party\FatFs\src\ff_gen_drv.o
 .debug_aranges
                0x00001028       0x88 Src\bsp_driver_sd.o
 .debug_aranges
                0x000010b0       0x28 Src\fatfs.o
 .debug_aranges
                0x000010d8       0x20 Src\fatfs_platform.o
 .debug_aranges
                0x000010f8       0x40 Src\main.o
 .debug_aranges
                0x00001138       0x48 Src\sd_diskio.o
 .debug_aranges
                0x00001180       0x60 Src\stm32h7xx_hal_msp.o
 .debug_aranges
                0x000011e0       0x50 Src\stm32h7xx_it.o
 .debug_aranges
                0x00001230       0x28 Src\system_stm32h7xx.o
 .debug_aranges
                0x00001258       0x28 startup\startup_stm32h743xx.o

.debug_ranges   0x00000000     0x1a40
 .debug_ranges  0x00000000      0x1a0 Drivers\STM32H7xx_HAL_Driver\Src\stm32h7xx_hal.o
 .debug_ranges  0x000001a0      0x140 Drivers\STM32H7xx_HAL_Driver\Src\stm32h7xx_hal_cortex.o
 .debug_ranges  0x000002e0      0x1b8 Drivers\STM32H7xx_HAL_Driver\Src\stm32h7xx_hal_eth.o
 .debug_ranges  0x00000498       0x70 Drivers\STM32H7xx_HAL_Driver\Src\stm32h7xx_hal_gpio.o
 .debug_ranges  0x00000508       0xe8 Drivers\STM32H7xx_HAL_Driver\Src\stm32h7xx_hal_pcd.o
 .debug_ranges  0x000005f0       0x48 Drivers\STM32H7xx_HAL_Driver\Src\stm32h7xx_hal_pcd_ex.o
 .debug_ranges  0x00000638      0x118 Drivers\STM32H7xx_HAL_Driver\Src\stm32h7xx_hal_pwr_ex.o
 .debug_ranges  0x00000750       0xd8 Drivers\STM32H7xx_HAL_Driver\Src\stm32h7xx_hal_rcc.o
 .debug_ranges  0x00000828      0x100 Drivers\STM32H7xx_HAL_Driver\Src\stm32h7xx_hal_rcc_ex.o
 .debug_ranges  0x00000928      0x1c8 Drivers\STM32H7xx_HAL_Driver\Src\stm32h7xx_hal_sd.o
 .debug_ranges  0x00000af0      0x1e0 Drivers\STM32H7xx_HAL_Driver\Src\stm32h7xx_hal_uart.o
 .debug_ranges  0x00000cd0       0x60 Drivers\STM32H7xx_HAL_Driver\Src\stm32h7xx_hal_uart_ex.o
 .debug_ranges  0x00000d30      0x1d0 Drivers\STM32H7xx_HAL_Driver\Src\stm32h7xx_ll_sdmmc.o
 .debug_ranges  0x00000f00      0x1a8 Drivers\STM32H7xx_HAL_Driver\Src\stm32h7xx_ll_usb.o
 .debug_ranges  0x000010a8       0x38 Middlewares\Third_Party\FatFs\src\diskio.o
 .debug_ranges  0x000010e0      0x5b8 Middlewares\Third_Party\FatFs\src\ff.o
 .debug_ranges  0x00001698       0x30 Middlewares\Third_Party\FatFs\src\ff_gen_drv.o
 .debug_ranges  0x000016c8       0x78 Src\bsp_driver_sd.o
 .debug_ranges  0x00001740       0x18 Src\fatfs.o
 .debug_ranges  0x00001758       0x10 Src\fatfs_platform.o
 .debug_ranges  0x00001768       0xf8 Src\main.o
 .debug_ranges  0x00001860       0x50 Src\sd_diskio.o
 .debug_ranges  0x000018b0      0x118 Src\stm32h7xx_hal_msp.o
 .debug_ranges  0x000019c8       0x40 Src\stm32h7xx_it.o
 .debug_ranges  0x00001a08       0x18 Src\system_stm32h7xx.o
 .debug_ranges  0x00001a20       0x20 startup\startup_stm32h743xx.o

.debug_line     0x00000000     0xb84e
 .debug_line    0x00000000      0x6f9 Drivers\STM32H7xx_HAL_Driver\Src\stm32h7xx_hal.o
 .debug_line    0x000006f9      0x56e Drivers\STM32H7xx_HAL_Driver\Src\stm32h7xx_hal_cortex.o
 .debug_line    0x00000c67      0xb4f Drivers\STM32H7xx_HAL_Driver\Src\stm32h7xx_hal_eth.o
 .debug_line    0x000017b6      0x4f8 Drivers\STM32H7xx_HAL_Driver\Src\stm32h7xx_hal_gpio.o
 .debug_line    0x00001cae      0x862 Drivers\STM32H7xx_HAL_Driver\Src\stm32h7xx_hal_pcd.o
 .debug_line    0x00002510      0x406 Drivers\STM32H7xx_HAL_Driver\Src\stm32h7xx_hal_pcd_ex.o
 .debug_line    0x00002916      0x684 Drivers\STM32H7xx_HAL_Driver\Src\stm32h7xx_hal_pwr_ex.o
 .debug_line    0x00002f9a      0x75a Drivers\STM32H7xx_HAL_Driver\Src\stm32h7xx_hal_rcc.o
 .debug_line    0x000036f4      0x90c Drivers\STM32H7xx_HAL_Driver\Src\stm32h7xx_hal_rcc_ex.o
 .debug_line    0x00004000      0xd09 Drivers\STM32H7xx_HAL_Driver\Src\stm32h7xx_hal_sd.o
 .debug_line    0x00004d09     0x179e Drivers\STM32H7xx_HAL_Driver\Src\stm32h7xx_hal_uart.o
 .debug_line    0x000064a7      0x5a1 Drivers\STM32H7xx_HAL_Driver\Src\stm32h7xx_hal_uart_ex.o
 .debug_line    0x00006a48      0x8a2 Drivers\STM32H7xx_HAL_Driver\Src\stm32h7xx_ll_sdmmc.o
 .debug_line    0x000072ea      0xa48 Drivers\STM32H7xx_HAL_Driver\Src\stm32h7xx_ll_usb.o
 .debug_line    0x00007d32      0x371 Middlewares\Third_Party\FatFs\src\diskio.o
 .debug_line    0x000080a3     0x13ca Middlewares\Third_Party\FatFs\src\ff.o
 .debug_line    0x0000946d      0x37d Middlewares\Third_Party\FatFs\src\ff_gen_drv.o
 .debug_line    0x000097ea      0x416 Src\bsp_driver_sd.o
 .debug_line    0x00009c00      0x351 Src\fatfs.o
 .debug_line    0x00009f51      0x2f1 Src\fatfs_platform.o
 .debug_line    0x0000a242      0x5fd Src\main.o
 .debug_line    0x0000a83f      0x3ea Src\sd_diskio.o
 .debug_line    0x0000ac29      0x4fe Src\stm32h7xx_hal_msp.o
 .debug_line    0x0000b127      0x366 Src\stm32h7xx_it.o
 .debug_line    0x0000b48d      0x343 Src\system_stm32h7xx.o
 .debug_line    0x0000b7d0       0x7e startup\startup_stm32h743xx.o

.debug_str      0x00000000     0x82f4
 .debug_str     0x00000000     0x1a3d Drivers\STM32H7xx_HAL_Driver\Src\stm32h7xx_hal.o
                               0x1b62 (size before relaxing)
 .debug_str     0x00001a3d      0x566 Drivers\STM32H7xx_HAL_Driver\Src\stm32h7xx_hal_cortex.o
                               0x171b (size before relaxing)
 .debug_str     0x00001fa3     0x1386 Drivers\STM32H7xx_HAL_Driver\Src\stm32h7xx_hal_eth.o
                               0x1ff3 (size before relaxing)
 .debug_str     0x00003329      0x181 Drivers\STM32H7xx_HAL_Driver\Src\stm32h7xx_hal_gpio.o
                                0xdcc (size before relaxing)
 .debug_str     0x000034aa      0xb2b Drivers\STM32H7xx_HAL_Driver\Src\stm32h7xx_hal_pcd.o
                               0x1451 (size before relaxing)
 .debug_str     0x00003fd5      0x1af Drivers\STM32H7xx_HAL_Driver\Src\stm32h7xx_hal_pcd_ex.o
                                0xea2 (size before relaxing)
 .debug_str     0x00004184      0x590 Drivers\STM32H7xx_HAL_Driver\Src\stm32h7xx_hal_pwr_ex.o
                               0x1129 (size before relaxing)
 .debug_str     0x00004714      0x492 Drivers\STM32H7xx_HAL_Driver\Src\stm32h7xx_hal_rcc.o
                               0x10c6 (size before relaxing)
 .debug_str     0x00004ba6      0x906 Drivers\STM32H7xx_HAL_Driver\Src\stm32h7xx_hal_rcc_ex.o
                               0x15b3 (size before relaxing)
 .debug_str     0x000054ac      0xd48 Drivers\STM32H7xx_HAL_Driver\Src\stm32h7xx_hal_sd.o
                               0x1735 (size before relaxing)
 .debug_str     0x000061f4      0xcf3 Drivers\STM32H7xx_HAL_Driver\Src\stm32h7xx_hal_uart.o
                               0x1a1e (size before relaxing)
 .debug_str     0x00006ee7      0x222 Drivers\STM32H7xx_HAL_Driver\Src\stm32h7xx_hal_uart_ex.o
                               0x1102 (size before relaxing)
 .debug_str     0x00007109      0x220 Drivers\STM32H7xx_HAL_Driver\Src\stm32h7xx_ll_sdmmc.o
                                0xf49 (size before relaxing)
 .debug_str     0x00007329      0x42f Drivers\STM32H7xx_HAL_Driver\Src\stm32h7xx_ll_usb.o
                               0x1388 (size before relaxing)
 .debug_str     0x00007758      0x113 Middlewares\Third_Party\FatFs\src\diskio.o
                                0x9b7 (size before relaxing)
 .debug_str     0x0000786b      0x5b2 Middlewares\Third_Party\FatFs\src\ff.o
                                0xf3f (size before relaxing)
 .debug_str     0x00007e1d       0xa2 Middlewares\Third_Party\FatFs\src\ff_gen_drv.o
                                0xa08 (size before relaxing)
 .debug_str     0x00007ebf      0x167 Src\bsp_driver_sd.o
                                0xdce (size before relaxing)
 .debug_str     0x00008026       0x43 Src\fatfs.o
                                0xa7c (size before relaxing)
 .debug_str     0x00008069       0x18 Src\fatfs_platform.o
                                0x93d (size before relaxing)
 .debug_str     0x00008081      0x10c Src\main.o
                               0x292b (size before relaxing)
 .debug_str     0x0000818d       0x59 Src\sd_diskio.o
                                0xa8b (size before relaxing)
 .debug_str     0x000081e6       0x1b Src\stm32h7xx_hal_msp.o
                               0x2697 (size before relaxing)
 .debug_str     0x00008201       0xb8 Src\stm32h7xx_it.o
                                0xc0d (size before relaxing)
 .debug_str     0x000082b9       0x3b Src\system_stm32h7xx.o
                                0xca0 (size before relaxing)

.comment        0x00000000       0x7c
 .comment       0x00000000       0x7c Drivers\STM32H7xx_HAL_Driver\Src\stm32h7xx_hal.o
                                 0x7d (size before relaxing)
 .comment       0x0000007c       0x7d Drivers\STM32H7xx_HAL_Driver\Src\stm32h7xx_hal_cortex.o
 .comment       0x0000007c       0x7d Drivers\STM32H7xx_HAL_Driver\Src\stm32h7xx_hal_eth.o
 .comment       0x0000007c       0x7d Drivers\STM32H7xx_HAL_Driver\Src\stm32h7xx_hal_gpio.o
 .comment       0x0000007c       0x7d Drivers\STM32H7xx_HAL_Driver\Src\stm32h7xx_hal_pcd.o
 .comment       0x0000007c       0x7d Drivers\STM32H7xx_HAL_Driver\Src\stm32h7xx_hal_pcd_ex.o
 .comment       0x0000007c       0x7d Drivers\STM32H7xx_HAL_Driver\Src\stm32h7xx_hal_pwr_ex.o
 .comment       0x0000007c       0x7d Drivers\STM32H7xx_HAL_Driver\Src\stm32h7xx_hal_rcc.o
 .comment       0x0000007c       0x7d Drivers\STM32H7xx_HAL_Driver\Src\stm32h7xx_hal_rcc_ex.o
 .comment       0x0000007c       0x7d Drivers\STM32H7xx_HAL_Driver\Src\stm32h7xx_hal_sd.o
 .comment       0x0000007c       0x7d Drivers\STM32H7xx_HAL_Driver\Src\stm32h7xx_hal_uart.o
 .comment       0x0000007c       0x7d Drivers\STM32H7xx_HAL_Driver\Src\stm32h7xx_hal_uart_ex.o
 .comment       0x0000007c       0x7d Drivers\STM32H7xx_HAL_Driver\Src\stm32h7xx_ll_sdmmc.o
 .comment       0x0000007c       0x7d Drivers\STM32H7xx_HAL_Driver\Src\stm32h7xx_ll_usb.o
 .comment       0x0000007c       0x7d Middlewares\Third_Party\FatFs\src\diskio.o
 .comment       0x0000007c       0x7d Middlewares\Third_Party\FatFs\src\ff.o
 .comment       0x0000007c       0x7d Middlewares\Third_Party\FatFs\src\ff_gen_drv.o
 .comment       0x0000007c       0x7d Src\bsp_driver_sd.o
 .comment       0x0000007c       0x7d Src\fatfs.o
 .comment       0x0000007c       0x7d Src\fatfs_platform.o
 .comment       0x0000007c       0x7d Src\main.o
 .comment       0x0000007c       0x7d Src\sd_diskio.o
 .comment       0x0000007c       0x7d Src\stm32h7xx_hal_msp.o
 .comment       0x0000007c       0x7d Src\stm32h7xx_it.o
 .comment       0x0000007c       0x7d Src\system_stm32h7xx.o

.debug_frame    0x00000000     0x3658
 .debug_frame   0x00000000      0x3bc Drivers\STM32H7xx_HAL_Driver\Src\stm32h7xx_hal.o
 .debug_frame   0x000003bc      0x168 Drivers\STM32H7xx_HAL_Driver\Src\stm32h7xx_hal_cortex.o
 .debug_frame   0x00000524      0x43c Drivers\STM32H7xx_HAL_Driver\Src\stm32h7xx_hal_eth.o
 .debug_frame   0x00000960       0xd8 Drivers\STM32H7xx_HAL_Driver\Src\stm32h7xx_hal_gpio.o
 .debug_frame   0x00000a38      0x2c4 Drivers\STM32H7xx_HAL_Driver\Src\stm32h7xx_hal_pcd.o
 .debug_frame   0x00000cfc       0xb8 Drivers\STM32H7xx_HAL_Driver\Src\stm32h7xx_hal_pcd_ex.o
 .debug_frame   0x00000db4      0x304 Drivers\STM32H7xx_HAL_Driver\Src\stm32h7xx_hal_pwr_ex.o
 .debug_frame   0x000010b8      0x170 Drivers\STM32H7xx_HAL_Driver\Src\stm32h7xx_hal_rcc.o
 .debug_frame   0x00001228      0x274 Drivers\STM32H7xx_HAL_Driver\Src\stm32h7xx_hal_rcc_ex.o
 .debug_frame   0x0000149c      0x418 Drivers\STM32H7xx_HAL_Driver\Src\stm32h7xx_hal_sd.o
 .debug_frame   0x000018b4      0x620 Drivers\STM32H7xx_HAL_Driver\Src\stm32h7xx_hal_uart.o
 .debug_frame   0x00001ed4      0x13c Drivers\STM32H7xx_HAL_Driver\Src\stm32h7xx_hal_uart_ex.o
 .debug_frame   0x00002010      0x4a0 Drivers\STM32H7xx_HAL_Driver\Src\stm32h7xx_ll_sdmmc.o
 .debug_frame   0x000024b0      0x45c Drivers\STM32H7xx_HAL_Driver\Src\stm32h7xx_ll_usb.o
 .debug_frame   0x0000290c       0x94 Middlewares\Third_Party\FatFs\src\diskio.o
 .debug_frame   0x000029a0      0x6a4 Middlewares\Third_Party\FatFs\src\ff.o
 .debug_frame   0x00003044       0x6c Middlewares\Third_Party\FatFs\src\ff_gen_drv.o
 .debug_frame   0x000030b0      0x168 Src\bsp_driver_sd.o
 .debug_frame   0x00003218       0x38 Src\fatfs.o
 .debug_frame   0x00003250       0x28 Src\fatfs_platform.o
 .debug_frame   0x00003278       0x94 Src\main.o
 .debug_frame   0x0000330c       0xa0 Src\sd_diskio.o
 .debug_frame   0x000033ac      0x110 Src\stm32h7xx_hal_msp.o
 .debug_frame   0x000034bc       0xb0 Src\stm32h7xx_it.o
 .debug_frame   0x0000356c       0x40 Src\system_stm32h7xx.o
 .debug_frame   0x000035ac       0x2c d:/altium/atollic/truestudio for stm32 9.3.0/armtools/bin/../lib/gcc/arm-atollic-eabi/6.3.1/../../../../arm-atollic-eabi/lib/armv7e-m/fpu/fpv5-d16\libc_nano.a(lib_a-init.o)
 .debug_frame   0x000035d8       0x20 d:/altium/atollic/truestudio for stm32 9.3.0/armtools/bin/../lib/gcc/arm-atollic-eabi/6.3.1/../../../../arm-atollic-eabi/lib/armv7e-m/fpu/fpv5-d16\libc_nano.a(lib_a-memset.o)
 .debug_frame   0x000035f8       0x2c d:/altium/atollic/truestudio for stm32 9.3.0/armtools/bin/../lib/gcc/arm-atollic-eabi/6.3.1/armv7e-m/fpu/fpv5-d16\libgcc.a(_aeabi_uldivmod.o)
 .debug_frame   0x00003624       0x34 d:/altium/atollic/truestudio for stm32 9.3.0/armtools/bin/../lib/gcc/arm-atollic-eabi/6.3.1/armv7e-m/fpu/fpv5-d16\libgcc.a(_udivmoddi4.o)
