file_handling.c:30:5:bufsize	0	static
file_handling.c:37:6:clear_buffer	0	static
file_handling.c:42:6:clear_path	0	static
file_handling.c:49:5:cmdlength	0	static
file_handling.c:55:6:get_path	16	static
file_handling.c:68:6:mount_sd	8	static
file_handling.c:75:6:unmount_sd	8	static
file_handling.c:83:9:scan_files	96	static
file_handling.c:123:6:write_file	24	static
file_handling.c:180:6:read_file	16	static
file_handling.c:227:6:create_file	16	static
file_handling.c:257:6:remove_file	16	static
file_handling.c:284:6:create_dir	8	static
file_handling.c:299:6:check_sd	24	static
file_handling.c:312:6:check_file	32	static
file_handling.c:345:6:update_file	24	static
